[0/1] Planning build
Building for debugging...
[0/20] Write VerificationCrashWorker-entitlement.plist
[0/20] /Volumes/DeveloperStorage/BuildScratch/throttle-convergence-20260920/core-test-cache-20260921/arm64-apple-macosx/debug/ThrottleCoreEvidencePackageTests.derived/runner.swift
[2/20] Write sources
[14/20] Write swift-version--58304C5D6DBC2206.txt
error: emit-module command failed due to signal 11 (use -v to see invocation)
error: compile command failed due to signal 11 (use -v to see invocation)
<unknown>:0: error: module '_DarwinFoundation1' is defined in both '/Users/kevinnadjarian/GitHub/Throttle/build/convergence-validation-20260920/cache/arm64-apple-macosx/debug/ModuleCache/1F1JZODR4RMPC/_DarwinFoundation1-2YSBQADOLX02V.pcm' and '/Volumes/DeveloperStorage/BuildScratch/throttle-convergence-20260920/core-test-cache-20260921/arm64-apple-macosx/debug/ModuleCache/1F1JZODR4RMPC/_DarwinFoundation1-2YSBQADOLX02V.pcm'
<unknown>:0: error: cannot load underlying module for '_DarwinFoundation1'
Please submit a bug report (https://swift.org/contributing/#reporting-bugs) and include the crash backtrace.
Stack dump:
0.	Program arguments: /Applications/Xcode.app/Contents/Developer/Toolchains/XcodeDefault.xctoolchain/usr/bin/swift-frontend -frontend -emit-module -experimental-skip-non-inlinable-function-bodies-without-types /Users/kevinnadjarian/GitHub/Throttle/build/convergence-validation-20260920/evidence/throttle-core-evidence-n9d6age7/package/Sources/ThrottleShared/KeychainStore.swift /Users/kevinnadjarian/GitHub/Throttle/build/convergence-validation-20260920/evidence/throttle-core-evidence-n9d6age7/package/Sources/ThrottleShared/OutboundPolicy.swift -target arm64-apple-macosx14.0 -Xllvm -aarch64-use-tbi -enable-objc-interop -stack-check -sdk /Applications/Xcode.app/Contents/Developer/Platforms/MacOSX.platform/Developer/SDKs/MacOSX27.0.sdk -I /Volumes/DeveloperStorage/BuildScratch/throttle-convergence-20260920/core-test-cache-20260921/arm64-apple-macosx/debug/Modules -I /Applications/Xcode.app/Contents/Developer/Platforms/MacOSX.platform/Developer/usr/lib -F /Applications/Xcode.app/Contents/Developer/Platforms/MacOSX.platform/Developer/Library/Frameworks -module-cache-path /Volumes/DeveloperStorage/BuildScratch/throttle-convergence-20260920/core-test-cache-20260921/arm64-apple-macosx/debug/ModuleCache -no-color-diagnostics -Xcc -fno-color-diagnostics -enable-testing -g -debug-info-format=dwarf -dwarf-version=4 -swift-version 6 -Onone -D SWIFT_PACKAGE -D DEBUG -D SWIFT_MODULE_RESOURCE_BUNDLE_UNAVAILABLE -new-driver-path /Applications/Xcode.app/Contents/Developer/Toolchains/XcodeDefault.xctoolchain/usr/bin/swift-driver -empty-abi-descriptor -plugin-path /Applications/Xcode.app/Contents/Developer/Toolchains/XcodeDefault.xctoolchain/usr/lib/swift/host/plugins/testing -enable-anonymous-context-mangled-names -file-compilation-dir /Users/kevinnadjarian/GitHub/Throttle/build/convergence-validation-20260920/evidence/throttle-core-evidence-n9d6age7/package -Xcc -isysroot -Xcc /Applications/Xcode.app/Contents/Developer/Platforms/MacOSX.platform/Developer/SDKs/MacOSX27.0.sdk -Xcc -F -Xcc /Applications/Xcode.app/Contents/Developer/Platforms/MacOSX.platform/Developer/Library/Frameworks -Xcc -fPIC -Xcc -g -no-auto-bridging-header-chaining -module-name ThrottleShared -package-name package -disable-clang-spi -target-sdk-version 27.0 -target-sdk-name macosx27.0 -external-plugin-path /Applications/Xcode.app/Contents/Developer/Platforms/MacOSX.platform/Developer/usr/lib/swift/host/plugins#/Applications/Xcode.app/Contents/Developer/Platforms/MacOSX.platform/Developer/usr/bin/swift-plugin-server -external-plugin-path /Applications/Xcode.app/Contents/Developer/Platforms/MacOSX.platform/Developer/usr/local/lib/swift/host/plugins#/Applications/Xcode.app/Contents/Developer/Platforms/MacOSX.platform/Developer/usr/bin/swift-plugin-server -in-process-plugin-server-path /Applications/Xcode.app/Contents/Developer/Toolchains/XcodeDefault.xctoolchain/usr/lib/swift/host/libSwiftInProcPluginServer.dylib -plugin-path /Applications/Xcode.app/Contents/Developer/Toolchains/XcodeDefault.xctoolchain/usr/lib/swift/host/plugins -plugin-path /Applications/Xcode.app/Contents/Developer/Toolchains/XcodeDefault.xctoolchain/usr/local/lib/swift/host/plugins -emit-module-doc-path /Volumes/DeveloperStorage/BuildScratch/throttle-convergence-20260920/core-test-cache-20260921/arm64-apple-macosx/debug/Modules/ThrottleShared.swiftdoc -emit-module-source-info-path /Volumes/DeveloperStorage/BuildScratch/throttle-convergence-20260920/core-test-cache-20260921/arm64-apple-macosx/debug/Modules/ThrottleShared.swiftsourceinfo -emit-objc-header-path /Volumes/DeveloperStorage/BuildScratch/throttle-convergence-20260920/core-test-cache-20260921/arm64-apple-macosx/debug/ThrottleShared.build/include/ThrottleShared-Swift.h -serialize-diagnostics-path /Volumes/DeveloperStorage/BuildScratch/throttle-convergence-20260920/core-test-cache-20260921/arm64-apple-macosx/debug/ThrottleShared.build/ThrottleShared.emit-module.dia -emit-dependencies-path /Volumes/DeveloperStorage/BuildScratch/throttle-convergence-20260920/core-test-cache-20260921/arm64-apple-macosx/debug/ThrottleShared.build/ThrottleShared.emit-module.d -parse-as-library -o /Volumes/DeveloperStorage/BuildScratch/throttle-convergence-20260920/core-test-cache-20260921/arm64-apple-macosx/debug/Modules/ThrottleShared.swiftmodule -emit-abi-descriptor-path /Volumes/DeveloperStorage/BuildScratch/throttle-convergence-20260920/core-test-cache-20260921/arm64-apple-macosx/debug/Modules/ThrottleShared.abi.json
1.	Apple Swift version 6.4 (swiftlang-6.4.0.34.1 clang-2100.3.34.1)
2.	Compiling with the current language version
3.	While reading from module 'Foundation', builder version '6.4(5.10)/Apple Swift version 6.4 (swiftlang-6.4.0.34.1 clang-2100.3.34.1)', built from swiftinterface against SDK , resilient, loaded from '/Applications/Xcode.app/Contents/Developer/Toolchains/XcodeDefault.xctoolchain/usr/lib/swift/macosx/prebuilt-modules/27.0/Foundation.swiftmodule/arm64e-apple-macos.swiftmodule'
4.	While reading from module 'Dispatch', builder version '6.4(5.10)/Apple Swift version 6.4 (swiftlang-6.4.0.34.1 clang-2100.3.34.1)', built from swiftinterface against SDK , resilient, loaded from '/Applications/Xcode.app/Contents/Developer/Toolchains/XcodeDefault.xctoolchain/usr/lib/swift/macosx/prebuilt-modules/27.0/Dispatch.swiftmodule/arm64e-apple-macos.swiftmodule'
Stack dump without symbol names (ensure you have llvm-symbolizer in your PATH or set the environment var `LLVM_SYMBOLIZER_PATH` to point to it):
0  swift-frontend           0x0000000106ea3bd0 llvm::sys::PrintStackTrace(llvm::raw_ostream&, int) + 56
1  swift-frontend           0x0000000106ea1358 llvm::sys::RunSignalHandlers() + 172
2  swift-frontend           0x0000000106ea41c8 SignalHandler(int, __siginfo*, void*) + 360
3  libsystem_platform.dylib 0x000000019f040144 _sigtramp + 56
4  swift-frontend           0x000000010488151c clang::ASTReader::ReadASTBlock(clang::serialization::ModuleFile&, unsigned int) + 1064
5  swift-frontend           0x00000001048898a4 clang::ASTReader::ReadAST(llvm::StringRef, clang::serialization::ModuleKind, clang::SourceLocation, unsigned int, clang::serialization::ModuleFile**) + 1172
6  swift-frontend           0x000000010445ae4c clang::CompilerInstance::loadModule(clang::SourceLocation, llvm::ArrayRef<clang::IdentifierLoc>, clang::Module::NameVisibilityKind, bool) + 2424
7  swift-frontend           0x0000000100c632b0 swift::ClangImporter::Implementation::loadModuleClang(swift::SourceLoc, swift::ImportPath::Module)::$_0::operator()(llvm::ArrayRef<clang::IdentifierLoc>, clang::Module::NameVisibilityKind) const + 300
8  swift-frontend           0x0000000100c63b6c swift::ClangImporter::Implementation::loadModule(swift::SourceLoc, swift::ImportPath::Module) + 656
9  swift-frontend           0x0000000101161894 swift::ModuleFile::getModule(swift::ImportPath::Module, bool) + 720
10 swift-frontend           0x00000001011b655c swift::ModuleFile::loadDependenciesForFileContext(swift::FileUnit const*, swift::SourceLoc, bool) + 1296
11 swift-frontend           0x00000001011b7048 swift::ModuleFile::associateWithFileContext(swift::FileUnit*, swift::SourceLoc, bool) + 1392
12 swift-frontend           0x0000000101251100 swift::SerializedModuleLoaderBase::loadAST(swift::ModuleDecl&, std::__1::optional<swift::SourceLoc>, llvm::StringRef, llvm::StringRef, std::__1::unique_ptr<llvm::MemoryBuffer, std::__1::default_delete<llvm::MemoryBuffer>>, std::__1::unique_ptr<llvm::MemoryBuffer, std::__1::default_delete<llvm::MemoryBuffer>>, std::__1::unique_ptr<llvm::MemoryBuffer, std::__1::default_delete<llvm::MemoryBuffer>>, bool) + 2664
13 swift-frontend           0x00000001012572ec void llvm::function_ref<void (swift::ModuleDecl*, llvm::function_ref<void (swift::FileUnit*)>)>::callback_fn<swift::SerializedModuleLoaderBase::loadModule(swift::SourceLoc, swift::ImportPath::Module, bool)::$_0>(long, swift::ModuleDecl*, llvm::function_ref<void (swift::FileUnit*)>) + 232
14 swift-frontend           0x00000001024c5920 swift::ModuleDecl::ModuleDecl(swift::Identifier, swift::ASTContext&, swift::ImplicitImportInfo, llvm::function_ref<void (swift::ModuleDecl*, llvm::function_ref<void (swift::FileUnit*)>)>, bool) + 840
15 swift-frontend           0x00000001012547ec swift::SerializedModuleLoaderBase::loadModule(swift::SourceLoc, swift::ImportPath::Module, bool) + 512
16 swift-frontend           0x000000010218f8c0 swift::ASTContext::getModule(swift::ImportPath::Module, bool) + 180
17 swift-frontend           0x00000001011b655c swift::ModuleFile::loadDependenciesForFileContext(swift::FileUnit const*, swift::SourceLoc, bool) + 1296
18 swift-frontend           0x00000001011b7048 swift::ModuleFile::associateWithFileContext(swift::FileUnit*, swift::SourceLoc, bool) + 1392
19 swift-frontend           0x0000000101251100 swift::SerializedModuleLoaderBase::loadAST(swift::ModuleDecl&, std::__1::optional<swift::SourceLoc>, llvm::StringRef, llvm::StringRef, std::__1::unique_ptr<llvm::MemoryBuffer, std::__1::default_delete<llvm::MemoryBuffer>>, std::__1::unique_ptr<llvm::MemoryBuffer, std::__1::default_delete<llvm::MemoryBuffer>>, std::__1::unique_ptr<llvm::MemoryBuffer, std::__1::default_delete<llvm::MemoryBuffer>>, bool) + 2664
20 swift-frontend           0x00000001012572ec void llvm::function_ref<void (swift::ModuleDecl*, llvm::function_ref<void (swift::FileUnit*)>)>::callback_fn<swift::SerializedModuleLoaderBase::loadModule(swift::SourceLoc, swift::ImportPath::Module, bool)::$_0>(long, swift::ModuleDecl*, llvm::function_ref<void (swift::FileUnit*)>) + 232
21 swift-frontend           0x00000001024c5920 swift::ModuleDecl::ModuleDecl(swift::Identifier, swift::ASTContext&, swift::ImplicitImportInfo, llvm::function_ref<void (swift::ModuleDecl*, llvm::function_ref<void (swift::FileUnit*)>)>, bool) + 840
22 swift-frontend           0x00000001012547ec swift::SerializedModuleLoaderBase::loadModule(swift::SourceLoc, swift::ImportPath::Module, bool) + 512
23 swift-frontend           0x000000010218f8c0 swift::ASTContext::getModule(swift::ImportPath::Module, bool) + 180
24 swift-frontend           0x0000000101d60844 (anonymous namespace)::ImportResolver::bindPendingImports() + 1048
25 swift-frontend           0x0000000101d5cc08 swift::ASTVisitor<(anonymous namespace)::ImportResolver, void, void, void, void, void, void>::visit(swift::Decl*) + 396
26 swift-frontend           0x0000000101d5c8ec swift::performImportResolution(swift::SourceFile&) + 680
27 swift-frontend           0x0000000100df0f28 swift::CompilerInstance::performSema() + 180
28 swift-frontend           0x00000001009b8918 performCompile(swift::CompilerInstance&, int&, swift::FrontendObserver*, llvm::ArrayRef<char const*>) + 556
29 swift-frontend           0x00000001009b5dc4 swift::performFrontend(llvm::ArrayRef<char const*>, char const*, void*, swift::FrontendObserver*) + 3776
30 swift-frontend           0x0000000100935008 swift::mainEntry(int, char const**) + 5600
31 dyld                     0x000000019ec5fe80 start + 6688
error: emit-module command failed due to signal 11 (use -v to see invocation)
<unknown>:0: error: module '_DarwinFoundation1' is defined in both '/Users/kevinnadjarian/GitHub/Throttle/build/convergence-validation-20260920/cache/arm64-apple-macosx/debug/ModuleCache/1F1JZODR4RMPC/_DarwinFoundation1-2YSBQADOLX02V.pcm' and '/Volumes/DeveloperStorage/BuildScratch/throttle-convergence-20260920/core-test-cache-20260921/arm64-apple-macosx/debug/ModuleCache/1F1JZODR4RMPC/_DarwinFoundation1-2YSBQADOLX02V.pcm'
<unknown>:0: error: cannot load underlying module for '_DarwinFoundation1'
Please submit a bug report (https://swift.org/contributing/#reporting-bugs) and include the crash backtrace.
Stack dump:
0.	Program arguments: /Applications/Xcode.app/Contents/Developer/Toolchains/XcodeDefault.xctoolchain/usr/bin/swift-frontend -frontend -emit-module -experimental-skip-non-inlinable-function-bodies-without-types /Users/kevinnadjarian/GitHub/Throttle/build/convergence-validation-20260920/evidence/throttle-core-evidence-n9d6age7/package/Sources/ThrottleVaultContract/ResearchReceipt.swift /Users/kevinnadjarian/GitHub/Throttle/build/convergence-validation-20260920/evidence/throttle-core-evidence-n9d6age7/package/Sources/ThrottleVaultContract/ResearchVaultContextEncoding.swift /Users/kevinnadjarian/GitHub/Throttle/build/convergence-validation-20260920/evidence/throttle-core-evidence-n9d6age7/package/Sources/ThrottleVaultContract/ResearchVaultIPCModel.swift /Users/kevinnadjarian/GitHub/Throttle/build/convergence-validation-20260920/evidence/throttle-core-evidence-n9d6age7/package/Sources/ThrottleVaultContract/ResearchVaultProjectAdmission.swift /Users/kevinnadjarian/GitHub/Throttle/build/convergence-validation-20260920/evidence/throttle-core-evidence-n9d6age7/package/Sources/ThrottleVaultContract/ResearchVaultReasoningDTO.swift /Users/kevinnadjarian/GitHub/Throttle/build/convergence-validation-20260920/evidence/throttle-core-evidence-n9d6age7/package/Sources/ThrottleVaultContract/ResearchVaultReceiptDTO.swift /Users/kevinnadjarian/GitHub/Throttle/build/convergence-validation-20260920/evidence/throttle-core-evidence-n9d6age7/package/Sources/ThrottleVaultContract/ResearchVaultReceiptProvenance.swift /Users/kevinnadjarian/GitHub/Throttle/build/convergence-validation-20260920/evidence/throttle-core-evidence-n9d6age7/package/Sources/ThrottleVaultContract/ResearchVaultServiceIdentity.swift -target arm64-apple-macosx14.0 -Xllvm -aarch64-use-tbi -enable-objc-interop -stack-check -sdk /Applications/Xcode.app/Contents/Developer/Platforms/MacOSX.platform/Developer/SDKs/MacOSX27.0.sdk -I /Volumes/DeveloperStorage/BuildScratch/throttle-convergence-20260920/core-test-cache-20260921/arm64-apple-macosx/debug/Modules -I /Applications/Xcode.app/Contents/Developer/Platforms/MacOSX.platform/Developer/usr/lib -F /Applications/Xcode.app/Contents/Developer/Platforms/MacOSX.platform/Developer/Library/Frameworks -module-cache-path /Volumes/DeveloperStorage/BuildScratch/throttle-convergence-20260920/core-test-cache-20260921/arm64-apple-macosx/debug/ModuleCache -no-color-diagnostics -Xcc -fno-color-diagnostics -enable-testing -g -debug-info-format=dwarf -dwarf-version=4 -swift-version 6 -Onone -D SWIFT_PACKAGE -D DEBUG -D SWIFT_MODULE_RESOURCE_BUNDLE_UNAVAILABLE -new-driver-path /Applications/Xcode.app/Contents/Developer/Toolchains/XcodeDefault.xctoolchain/usr/bin/swift-driver -empty-abi-descriptor -plugin-path /Applications/Xcode.app/Contents/Developer/Toolchains/XcodeDefault.xctoolchain/usr/lib/swift/host/plugins/testing -enable-anonymous-context-mangled-names -file-compilation-dir /Users/kevinnadjarian/GitHub/Throttle/build/convergence-validation-20260920/evidence/throttle-core-evidence-n9d6age7/package -Xcc -isysroot -Xcc /Applications/Xcode.app/Contents/Developer/Platforms/MacOSX.platform/Developer/SDKs/MacOSX27.0.sdk -Xcc -F -Xcc /Applications/Xcode.app/Contents/Developer/Platforms/MacOSX.platform/Developer/Library/Frameworks -Xcc -fPIC -Xcc -g -no-auto-bridging-header-chaining -module-name ThrottleVaultContract -package-name package -disable-clang-spi -target-sdk-version 27.0 -target-sdk-name macosx27.0 -external-plugin-path /Applications/Xcode.app/Contents/Developer/Platforms/MacOSX.platform/Developer/usr/lib/swift/host/plugins#/Applications/Xcode.app/Contents/Developer/Platforms/MacOSX.platform/Developer/usr/bin/swift-plugin-server -external-plugin-path /Applications/Xcode.app/Contents/Developer/Platforms/MacOSX.platform/Developer/usr/local/lib/swift/host/plugins#/Applications/Xcode.app/Contents/Developer/Platforms/MacOSX.platform/Developer/usr/bin/swift-plugin-server -in-process-plugin-server-path /Applications/Xcode.app/Contents/Developer/Toolchains/XcodeDefault.xctoolchain/usr/lib/swift/host/libSwiftInProcPluginServer.dylib -plugin-path /Applications/Xcode.app/Contents/Developer/Toolchains/XcodeDefault.xctoolchain/usr/lib/swift/host/plugins -plugin-path /Applications/Xcode.app/Contents/Developer/Toolchains/XcodeDefault.xctoolchain/usr/local/lib/swift/host/plugins -emit-module-doc-path /Volumes/DeveloperStorage/BuildScratch/throttle-convergence-20260920/core-test-cache-20260921/arm64-apple-macosx/debug/Modules/ThrottleVaultContract.swiftdoc -emit-module-source-info-path /Volumes/DeveloperStorage/BuildScratch/throttle-convergence-20260920/core-test-cache-20260921/arm64-apple-macosx/debug/Modules/ThrottleVaultContract.swiftsourceinfo -emit-objc-header-path /Volumes/DeveloperStorage/BuildScratch/throttle-convergence-20260920/core-test-cache-20260921/arm64-apple-macosx/debug/ThrottleVaultContract.build/include/ThrottleVaultContract-Swift.h -serialize-diagnostics-path /Volumes/DeveloperStorage/BuildScratch/throttle-convergence-20260920/core-test-cache-20260921/arm64-apple-macosx/debug/ThrottleVaultContract.build/ThrottleVaultContract.emit-module.dia -emit-dependencies-path /Volumes/DeveloperStorage/BuildScratch/throttle-convergence-20260920/core-test-cache-20260921/arm64-apple-macosx/debug/ThrottleVaultContract.build/ThrottleVaultContract.emit-module.d -parse-as-library -o /Volumes/DeveloperStorage/BuildScratch/throttle-convergence-20260920/core-test-cache-20260921/arm64-apple-macosx/debug/Modules/ThrottleVaultContract.swiftmodule -emit-abi-descriptor-path /Volumes/DeveloperStorage/BuildScratch/throttle-convergence-20260920/core-test-cache-20260921/arm64-apple-macosx/debug/Modules/ThrottleVaultContract.abi.json
1.	Apple Swift version 6.4 (swiftlang-6.4.0.34.1 clang-2100.3.34.1)
2.	Compiling with the current language version
3.	While reading from module 'CryptoKit', builder version '6.4(6.4)/Apple Swift version 6.4 (swiftlang-6.4.0.34.1 clang-2100.3.34.1)', built from swiftinterface against SDK , resilient, loaded from '/Applications/Xcode.app/Contents/Developer/Toolchains/XcodeDefault.xctoolchain/usr/lib/swift/macosx/prebuilt-modules/27.0/CryptoKit.swiftmodule/arm64e-apple-macos.swiftmodule'
4.	While reading from module 'Foundation', builder version '6.4(5.10)/Apple Swift version 6.4 (swiftlang-6.4.0.34.1 clang-2100.3.34.1)', built from swiftinterface against SDK , resilient, loaded from '/Applications/Xcode.app/Contents/Developer/Toolchains/XcodeDefault.xctoolchain/usr/lib/swift/macosx/prebuilt-modules/27.0/Foundation.swiftmodule/arm64e-apple-macos.swiftmodule'
5.	While reading from module 'Dispatch', builder version '6.4(5.10)/Apple Swift version 6.4 (swiftlang-6.4.0.34.1 clang-2100.3.34.1)', built from swiftinterface against SDK , resilient, loaded from '/Applications/Xcode.app/Contents/Developer/Toolchains/XcodeDefault.xctoolchain/usr/lib/swift/macosx/prebuilt-modules/27.0/Dispatch.swiftmodule/arm64e-apple-macos.swiftmodule'
Stack dump without symbol names (ensure you have llvm-symbolizer in your PATH or set the environment var `LLVM_SYMBOLIZER_PATH` to point to it):
0  swift-frontend           0x0000000106b53bd0 llvm::sys::PrintStackTrace(llvm::raw_ostream&, int) + 56
1  swift-frontend           0x0000000106b51358 llvm::sys::RunSignalHandlers() + 172
2  swift-frontend           0x0000000106b541c8 SignalHandler(int, __siginfo*, void*) + 360
3  libsystem_platform.dylib 0x000000019f040144 _sigtramp + 56
4  swift-frontend           0x000000010453151c clang::ASTReader::ReadASTBlock(clang::serialization::ModuleFile&, unsigned int) + 1064
5  swift-frontend           0x00000001045398a4 clang::ASTReader::ReadAST(llvm::StringRef, clang::serialization::ModuleKind, clang::SourceLocation, unsigned int, clang::serialization::ModuleFile**) + 1172
6  swift-frontend           0x000000010410ae4c clang::CompilerInstance::loadModule(clang::SourceLocation, llvm::ArrayRef<clang::IdentifierLoc>, clang::Module::NameVisibilityKind, bool) + 2424
7  swift-frontend           0x00000001009132b0 swift::ClangImporter::Implementation::loadModuleClang(swift::SourceLoc, swift::ImportPath::Module)::$_0::operator()(llvm::ArrayRef<clang::IdentifierLoc>, clang::Module::NameVisibilityKind) const + 300
8  swift-frontend           0x0000000100913b6c swift::ClangImporter::Implementation::loadModule(swift::SourceLoc, swift::ImportPath::Module) + 656
9  swift-frontend           0x0000000100e11894 swift::ModuleFile::getModule(swift::ImportPath::Module, bool) + 720
10 swift-frontend           0x0000000100e6655c swift::ModuleFile::loadDependenciesForFileContext(swift::FileUnit const*, swift::SourceLoc, bool) + 1296
11 swift-frontend           0x0000000100e67048 swift::ModuleFile::associateWithFileContext(swift::FileUnit*, swift::SourceLoc, bool) + 1392
12 swift-frontend           0x0000000100f01100 swift::SerializedModuleLoaderBase::loadAST(swift::ModuleDecl&, std::__1::optional<swift::SourceLoc>, llvm::StringRef, llvm::StringRef, std::__1::unique_ptr<llvm::MemoryBuffer, std::__1::default_delete<llvm::MemoryBuffer>>, std::__1::unique_ptr<llvm::MemoryBuffer, std::__1::default_delete<llvm::MemoryBuffer>>, std::__1::unique_ptr<llvm::MemoryBuffer, std::__1::default_delete<llvm::MemoryBuffer>>, bool) + 2664
13 swift-frontend           0x0000000100f072ec void llvm::function_ref<void (swift::ModuleDecl*, llvm::function_ref<void (swift::FileUnit*)>)>::callback_fn<swift::SerializedModuleLoaderBase::loadModule(swift::SourceLoc, swift::ImportPath::Module, bool)::$_0>(long, swift::ModuleDecl*, llvm::function_ref<void (swift::FileUnit*)>) + 232
14 swift-frontend           0x0000000102175920 swift::ModuleDecl::ModuleDecl(swift::Identifier, swift::ASTContext&, swift::ImplicitImportInfo, llvm::function_ref<void (swift::ModuleDecl*, llvm::function_ref<void (swift::FileUnit*)>)>, bool) + 840
15 swift-frontend           0x0000000100f047ec swift::SerializedModuleLoaderBase::loadModule(swift::SourceLoc, swift::ImportPath::Module, bool) + 512
16 swift-frontend           0x0000000101e3f8c0 swift::ASTContext::getModule(swift::ImportPath::Module, bool) + 180
17 swift-frontend           0x0000000100e6655c swift::ModuleFile::loadDependenciesForFileContext(swift::FileUnit const*, swift::SourceLoc, bool) + 1296
18 swift-frontend           0x0000000100e67048 swift::ModuleFile::associateWithFileContext(swift::FileUnit*, swift::SourceLoc, bool) + 1392
19 swift-frontend           0x0000000100f01100 swift::SerializedModuleLoaderBase::loadAST(swift::ModuleDecl&, std::__1::optional<swift::SourceLoc>, llvm::StringRef, llvm::StringRef, std::__1::unique_ptr<llvm::MemoryBuffer, std::__1::default_delete<llvm::MemoryBuffer>>, std::__1::unique_ptr<llvm::MemoryBuffer, std::__1::default_delete<llvm::MemoryBuffer>>, std::__1::unique_ptr<llvm::MemoryBuffer, std::__1::default_delete<llvm::MemoryBuffer>>, bool) + 2664
20 swift-frontend           0x0000000100f072ec void llvm::function_ref<void (swift::ModuleDecl*, llvm::function_ref<void (swift::FileUnit*)>)>::callback_fn<swift::SerializedModuleLoaderBase::loadModule(swift::SourceLoc, swift::ImportPath::Module, bool)::$_0>(long, swift::ModuleDecl*, llvm::function_ref<void (swift::FileUnit*)>) + 232
21 swift-frontend           0x0000000102175920 swift::ModuleDecl::ModuleDecl(swift::Identifier, swift::ASTContext&, swift::ImplicitImportInfo, llvm::function_ref<void (swift::ModuleDecl*, llvm::function_ref<void (swift::FileUnit*)>)>, bool) + 840
22 swift-frontend           0x0000000100f047ec swift::SerializedModuleLoaderBase::loadModule(swift::SourceLoc, swift::ImportPath::Module, bool) + 512
23 swift-frontend           0x0000000101e3f8c0 swift::ASTContext::getModule(swift::ImportPath::Module, bool) + 180
24 swift-frontend           0x0000000100e6655c swift::ModuleFile::loadDependenciesForFileContext(swift::FileUnit const*, swift::SourceLoc, bool) + 1296
25 swift-frontend           0x0000000100e67048 swift::ModuleFile::associateWithFileContext(swift::FileUnit*, swift::SourceLoc, bool) + 1392
26 swift-frontend           0x0000000100f01100 swift::SerializedModuleLoaderBase::loadAST(swift::ModuleDecl&, std::__1::optional<swift::SourceLoc>, llvm::StringRef, llvm::StringRef, std::__1::unique_ptr<llvm::MemoryBuffer, std::__1::default_delete<llvm::MemoryBuffer>>, std::__1::unique_ptr<llvm::MemoryBuffer, std::__1::default_delete<llvm::MemoryBuffer>>, std::__1::unique_ptr<llvm::MemoryBuffer, std::__1::default_delete<llvm::MemoryBuffer>>, bool) + 2664
27 swift-frontend           0x0000000100f072ec void llvm::function_ref<void (swift::ModuleDecl*, llvm::function_ref<void (swift::FileUnit*)>)>::callback_fn<swift::SerializedModuleLoaderBase::loadModule(swift::SourceLoc, swift::ImportPath::Module, bool)::$_0>(long, swift::ModuleDecl*, llvm::function_ref<void (swift::FileUnit*)>) + 232
28 swift-frontend           0x0000000102175920 swift::ModuleDecl::ModuleDecl(swift::Identifier, swift::ASTContext&, swift::ImplicitImportInfo, llvm::function_ref<void (swift::ModuleDecl*, llvm::function_ref<void (swift::FileUnit*)>)>, bool) + 840
29 swift-frontend           0x0000000100f047ec swift::SerializedModuleLoaderBase::loadModule(swift::SourceLoc, swift::ImportPath::Module, bool) + 512
30 swift-frontend           0x0000000101e3f8c0 swift::ASTContext::getModule(swift::ImportPath::Module, bool) + 180
31 swift-frontend           0x0000000101a10844 (anonymous namespace)::ImportResolver::bindPendingImports() + 1048
32 swift-frontend           0x0000000101a0cc08 swift::ASTVisitor<(anonymous namespace)::ImportResolver, void, void, void, void, void, void>::visit(swift::Decl*) + 396
33 swift-frontend           0x0000000101a0c8ec swift::performImportResolution(swift::SourceFile&) + 680
34 swift-frontend           0x0000000100aa0f28 swift::CompilerInstance::performSema() + 180
35 swift-frontend           0x0000000100668918 performCompile(swift::CompilerInstance&, int&, swift::FrontendObserver*, llvm::ArrayRef<char const*>) + 556
36 swift-frontend           0x0000000100665dc4 swift::performFrontend(llvm::ArrayRef<char const*>, char const*, void*, swift::FrontendObserver*) + 3776
37 swift-frontend           0x00000001005e5008 swift::mainEntry(int, char const**) + 5600
38 dyld                     0x000000019ec5fe80 start + 6688
warning: '--build-system native' has been deprecated and will be removed in a future release; please report an issue at https://github.com/swiftlang/swift-package-manager/issues if you are unable to adopt the default build system.
error: fatalError
