PROBE_READY
FOCUS active=true key=true fullKeyboard=true responder=SwiftUIAppKitButton
FOCUS active=true key=true fullKeyboard=true responder=SwiftUIAppKitButton
FOCUS active=true key=true fullKeyboard=true responder=SwiftUIAppKitButton
FOCUS active=false key=false fullKeyboard=true responder=SwiftUIAppKitButton
FOCUS active=false key=false fullKeyboard=true responder=SwiftUIAppKitButton
FOCUS active=false key=false fullKeyboard=true responder=SwiftUIAppKitButton
FOCUS active=false key=false fullKeyboard=true responder=SwiftUIAppKitButton
FOCUS active=false key=false fullKeyboard=true responder=SwiftUIAppKitButton
FOCUS active=false key=false fullKeyboard=true responder=SwiftUIAppKitButton
FOCUS active=false key=false fullKeyboard=true responder=SwiftUIAppKitButton
FOCUS active=false key=false fullKeyboard=true responder=SwiftUIAppKitButton
FOCUS active=false key=false fullKeyboard=true responder=SwiftUIAppKitButton
FOCUS active=false key=false fullKeyboard=true responder=SwiftUIAppKitButton
FOCUS active=false key=false fullKeyboard=true responder=SwiftUIAppKitButton
FOCUS active=false key=false fullKeyboard=true responder=SwiftUIAppKitButton
FOCUS active=false key=false fullKeyboard=true responder=SwiftUIAppKitButton
FOCUS active=true key=true fullKeyboard=true responder=NSButton
FOCUS active=true key=true fullKeyboard=true responder=NSButton
FOCUS active=true key=true fullKeyboard=true responder=NSButton
FOCUS active=true key=true fullKeyboard=true responder=NSButton
FOCUS active=true key=true fullKeyboard=true responder=NSButton
APPKIT_ACTIVATED 1
FOCUS active=true key=true fullKeyboard=true responder=NSButton
FOCUS active=true key=true fullKeyboard=true responder=NSButton
FOCUS active=true key=true fullKeyboard=true responder=NSButton
FOCUS active=true key=true fullKeyboard=true responder=NSButton
FOCUS active=true key=true fullKeyboard=true responder=SwiftUIAppKitButton
FOCUS active=true key=true fullKeyboard=true responder=SwiftUIAppKitButton
FOCUS active=true key=true fullKeyboard=true responder=SwiftUIAppKitButton
FOCUS active=true key=true fullKeyboard=true responder=SwiftUIAppKitButton
FOCUS active=true key=true fullKeyboard=true responder=SwiftUIAppKitButton
FOCUS active=true key=true fullKeyboard=true responder=SwiftUIAppKitButton
FOCUS active=true key=true fullKeyboard=true responder=SwiftUIAppKitButton
SWIFTUI_ACTIVATED 1
FOCUS active=true key=true fullKeyboard=true responder=SwiftUIAppKitButton
FOCUS active=true key=true fullKeyboard=true responder=SwiftUIAppKitButton
FOCUS active=true key=true fullKeyboard=true responder=SwiftUIAppKitButton
FOCUS active=true key=true fullKeyboard=true responder=SwiftUIAppKitButton
FOCUS active=true key=true fullKeyboard=true responder=SwiftUIAppKitButton
FOCUS active=true key=true fullKeyboard=true responder=SwiftUIAppKitButton
FOCUS active=true key=true fullKeyboard=true responder=SwiftUIAppKitButton
FOCUS active=true key=true fullKeyboard=true responder=SwiftUIAppKitButton
FOCUS active=true key=true fullKeyboard=true responder=SwiftUIAppKitButton
FOCUS active=true key=true fullKeyboard=true responder=SwiftUIAppKitButton
FOCUS active=true key=true fullKeyboard=true responder=SwiftUIAppKitButton
FOCUS active=true key=true fullKeyboard=true responder=SwiftUIAppKitButton
FOCUS active=true key=true fullKeyboard=true responder=SwiftUIAppKitButton
FOCUS active=true key=true fullKeyboard=true responder=SwiftUIAppKitButton
FOCUS active=true key=true fullKeyboard=true responder=SwiftUIAppKitButton
FOCUS active=true key=true fullKeyboard=true responder=SwiftUIAppKitButton
