Linting Swift files in current working directory
Linting 'TerminalLockStateTests.swift' (2/855)
Linting 'PeerClientPrivacyTests.swift' (1/855)
Linting 'CloudKitSubscriberPrivacyTests.swift' (3/855)
Linting 'MirrorPrivacyTestSupport.swift' (4/855)
Linting 'CompanionHostIsolationTests.swift' (6/855)
Linting 'MirrorStorePrivacyTests.swift' (5/855)
Linting 'TerminalIdentityPrivacyTests.swift' (7/855)
Linting 'RemoteTerminalPrivacyTests.swift' (8/855)
Linting 'LiveActivityOperationQueueTests.swift' (9/855)
Linting 'ThrottleWidget.swift' (10/855)
xcrun: warning: confstr() failed with code 5: couldn't get path of DARWIN_USER_TEMP_DIR; using /tmp instead
Linting 'ThrottleApp.swift' (11/855)
Linting 'AppDelegate+TestHost.swift' (12/855)
Linting 'AppDelegateDeepLinks.swift' (13/855)
Linting 'AppDelegate+Termination.swift' (14/855)
Linting 'AppDelegate+Observations.swift' (15/855)
Linting 'AppDelegate+License.swift' (16/855)
Linting 'AppDelegate+Launch.swift' (17/855)
Linting 'RetainedWindowPolicy.swift' (18/855)
Linting 'DropdownView+Navigation.swift' (19/855)
Linting 'ProUpsellBanner.swift' (20/855)
Linting 'DropdownView.swift' (21/855)
Linting 'DropdownDockKit.swift' (22/855)
Linting 'InlineProPane.swift' (23/855)
Linting 'MenuBarLabel.swift' (24/855)
Linting 'MenuBarSparkline.swift' (25/855)
Linting 'InlineGeneralPane+General.swift' (26/855)
Linting 'GlobalRAGOnboardingView+Actions.swift' (27/855)
Linting 'InlineGeneralPane+MenuBar.swift' (28/855)
Linting 'InlineAssistantPane+LocalWorker.swift' (29/855)
Linting 'SessionOffloadSheet.swift' (30/855)
Linting 'InlineHooksPane.swift' (31/855)
Linting 'DropdownView+Bars.swift' (32/855)
Linting 'DropdownView+Meter.swift' (33/855)
Linting 'OutputStyleManagerSheet.swift' (34/855)
Linting 'InlineCalibrationPane.swift' (35/855)
Linting 'ModelCardLink.swift' (36/855)
Linting 'InlineProPane+ExactMode.swift' (37/855)
Linting 'Throttle/AppDelegate.swift' (38/855)
Linting 'Throttle/main.swift' (39/855)
Linting 'GlobalRAGOnboardingView.swift' (40/855)
Linting 'InlineGeneralPane+Connections.swift' (41/855)
Linting 'CommandRunnerSheet.swift' (42/855)
Linting 'InlineAboutPane.swift' (43/855)
Linting 'TranscriptSearchWindowController.swift' (44/855)
Linting 'MCPManagerWindowController.swift' (45/855)
Linting 'DevUnlockSheet.swift' (46/855)
Linting 'MCPManagerSheet.swift' (47/855)
Linting 'FirstRunInline.swift' (48/855)
Linting 'InlineGeneralPane+Autopilot.swift' (49/855)
Linting 'MCPOffloadSheet.swift' (50/855)
Linting 'SessionOffloadWindowController.swift' (51/855)
Linting 'InlineGeneralPane+Context.swift' (52/855)
Linting 'OutputStyleWindowController.swift' (53/855)
Linting 'TranscriptSearchView.swift' (54/855)
Linting 'InlineAssistantPane.swift' (55/855)
Linting 'InlineGeneralPane+Resources.swift' (56/855)
Linting 'CommandRunnerWindowController.swift' (57/855)
Linting 'FirstRunInline+Choices.swift' (58/855)
Linting 'DiagnosticsPreviewView.swift' (59/855)
Linting 'DiagnosticsPreviewWindowController.swift' (60/855)
Linting 'DropdownView+Preview.swift' (61/855)
Linting 'InlineGeneralPane.swift' (62/855)
Linting 'DropdownSettingsComponents.swift' (63/855)
Linting 'ExactModeMessage.swift' (65/855)
Linting 'InlineGeneralPane+Actions.swift' (64/855)
Linting 'DropdownView+Readout.swift' (66/855)
Linting 'EvalReadout.swift' (67/855)
Linting 'ReadFirewallReadout.swift' (68/855)
Linting 'ProjectsSidebar.swift' (69/855)
Linting 'GlobalRAGOnboardingWindowController.swift' (70/855)
Linting 'ProjectOverviewTab+Parts.swift' (71/855)
Linting 'SettleDecisionSheet.swift' (72/855)
Linting 'ProjectOverviewTab+Blocks.swift' (73/855)
Linting 'ApplyPatchesSheet.swift' (74/855)
Linting 'ProjectAssistantTab+Transcript.swift' (75/855)
Linting 'ProjectStatsTab.swift' (76/855)
Linting 'TraycerReadout.swift' (77/855)
Linting 'ProjectFilesTab.swift' (78/855)
Linting 'ProjectOverviewTab.swift' (79/855)
Linting 'ProjectAssistantTab.swift' (80/855)
Linting 'TOONPotentialReadout.swift' (81/855)
Linting 'ProjectAssistantTab+Context.swift' (83/855)
Linting 'ProjectAssistantTab+Actions.swift' (82/855)
Linting 'ProjectOptimizerTab.swift' (84/855)
Linting 'ProjectWindowController.swift' (85/855)
Linting 'ProjectWindowRoot.swift' (86/855)
Linting 'DiffView.swift' (87/855)
Linting 'CockpitTransitionBanner.swift' (88/855)
Linting 'ClaudeSetupView.swift' (89/855)
Linting 'CockpitToolbarComponents.swift' (90/855)
Linting 'CockpitTab.swift' (91/855)
Linting 'AIRoutingWindowController.swift' (92/855)
Linting 'SessionStateDot.swift' (93/855)
Linting 'MultiCockpitModel+Sessions.swift' (94/855)
Linting 'MultiCockpitRoot+Remote.swift' (95/855)
Linting 'WhatsNewView.swift' (96/855)
Linting 'MultiCockpitRoot+Toolbar.swift' (97/855)
Linting 'DroppableTerminalView+ComposedText.swift' (98/855)
Linting 'CockpitTerminalTheme.swift' (99/855)
Linting 'MultiCockpitModel+Binding.swift' (100/855)
Linting 'MultiCockpitModel+Statistics.swift' (101/855)
Linting 'MultiCockpitModel+AutoPause.swift' (102/855)
Linting 'CockpitWindowController.swift' (103/855)
Linting 'CockpitTab+Attention.swift' (104/855)
Linting 'CockpitSidebar.swift' (105/855)
Linting 'PortfolioGraphView.swift' (106/855)
Linting 'MultiCockpitRoot+Banners.swift' (107/855)
Linting 'ProjectInstructionReviewView.swift' (108/855)
Linting 'OSIssueBanner.swift' (109/855)
Linting 'MultiCockpitModel+TransferRecovery.swift' (110/855)
Linting 'RemoteSessionPane.swift' (111/855)
Linting 'CockpitTab+State.swift' (113/855)
Linting 'PlanDesignView.swift' (112/855)
Linting 'CockpitTab+Resources.swift' (114/855)
Linting 'WorkActivityView.swift' (115/855)
Linting 'PlanRecommendationView.swift' (116/855)
Linting 'MultiCockpitRoot+Terminal.swift' (117/855)
Linting 'HealthCheckView.swift' (118/855)
Linting 'CockpitTab+Launch.swift' (119/855)
Linting 'MultiCockpitModel+PlanFocus.swift' (120/855)
Linting 'CockpitTab+RemoteOwnership.swift' (121/855)
Linting 'MultiCockpitModel+Persistence.swift' (122/855)
Linting 'SessionWorkingDirectory.swift' (123/855)
Linting 'PlanIntegrationView.swift' (124/855)
Linting 'MissionHandoffSheet.swift' (125/855)
Linting 'MultiCockpitModel+Display.swift' (126/855)
Linting 'MultiCockpitRoot.swift' (127/855)
Linting 'PromptRefinerPane.swift' (128/855)
Linting 'CockpitData.swift' (129/855)
Linting 'AdjudicationSheet.swift' (130/855)
Linting 'CockpitAuditInspector.swift' (131/855)
Linting 'SavingsLedgerView.swift' (132/855)
Linting 'MultiCockpitModel+Activity.swift' (133/855)
Linting 'MultiCockpitRoot+ProjectAttach.swift' (135/855)
Linting 'MultiCockpitModel+Lifecycle.swift' (134/855)
Linting 'MultiCockpitModel+Projects.swift' (136/855)
Linting 'CockpitSessionProbe.swift' (137/855)
Linting 'CockpitDashboardView.swift' (138/855)
Linting 'MultiCockpitModel+Memory.swift' (139/855)
Linting 'CockpitTab+PauseGeneration.swift' (140/855)
Linting 'PlanTreeView.swift' (141/855)
Linting 'PlanProductCycleView.swift' (142/855)
Linting 'MultiCockpitRoot+Reentry.swift' (143/855)
Linting 'MultiTerminalStack.swift' (144/855)
Linting 'CockpitPlanView.swift' (145/855)
Linting 'MultiCockpitRoot+Rail.swift' (146/855)
Linting 'MultiCockpitModel+Pacing.swift' (147/855)
Linting 'MultiCockpitModel.swift' (148/855)
Linting 'MultiCockpitRoot+NewSession.swift' (149/855)
Linting 'WeekComparisonView.swift' (150/855)
Linting 'CockpitTab+Runtime.swift' (151/855)
Linting 'MultiCockpitRoot+SessionActions.swift' (152/855)
Linting 'PlanTreeView+NextStep.swift' (153/855)
Linting 'MultiCockpitRoot+Metrics.swift' (154/855)
Linting 'PlanViewContext.swift' (155/855)
Linting 'DroppableTerminalView.swift' (156/855)
Linting 'CockpitTab+AgentExit.swift' (157/855)
Linting 'TaskSpendReadout.swift' (158/855)
Linting 'CockpitOnboarding.swift' (159/855)
Linting 'CockpitCommandPalette.swift' (160/855)
Linting 'CockpitProjectsModel.swift' (161/855)
Linting 'CockpitDestination.swift' (162/855)
Linting 'CockpitTodayView.swift' (163/855)
Linting 'FlowLessonsSection.swift' (164/855)
Linting 'OnboardingChecklistCard.swift' (165/855)
Linting 'FlowWording.swift' (166/855)
Linting 'OutsideAgentsCard.swift' (167/855)
Linting 'ProjectFlowView.swift' (168/855)
Linting 'TodayFlowTiles.swift' (169/855)
Linting 'CockpitProjectPage.swift' (170/855)
Linting 'CockpitNavigationSidebar.swift' (171/855)
Linting 'ResearchVaultWorkbenchModel+Search.swift' (172/855)
Linting 'ResearchVaultWorkbenchView+Chrome.swift' (173/855)
Linting 'ResearchVaultWorkbenchView+Sidebar.swift' (174/855)
Linting 'ResearchVaultStandingText.swift' (175/855)
Linting 'ResearchVaultWorkbenchModel+Folders.swift' (176/855)
Linting 'ResearchVaultWorkbenchView+Evidence.swift' (177/855)
Linting 'ResearchVaultWorkbenchModel+AutoLibrary.swift' (178/855)
Linting 'ResearchVaultWorkbenchView+Reasoning.swift' (179/855)
Linting 'NewProjectSpaceButton.swift' (180/855)
Linting 'ResearchVaultWorkbenchModel+NotebookLM.swift' (181/855)
Linting 'ResearchVaultWorkbenchModel+Reasoning.swift' (182/855)
Linting 'ResearchVaultNotebookSync.swift' (183/855)
Linting 'ResearchVaultWorkbenchView+NotebookSync.swift' (184/855)
Linting 'ResearchVaultWorkbenchModel+Spaces.swift' (185/855)
Linting 'ResearchVaultWorkbenchProjection.swift' (186/855)
Linting 'ResearchVaultWorkbenchModel.swift' (187/855)
Linting 'ResearchVaultWorkbenchModel+Imports.swift' (188/855)
Linting 'ResearchVaultWorkbenchSupport.swift' (189/855)
Linting 'ResearchVaultWorkbenchView+Quarantine.swift' (190/855)
Linting 'ResearchVaultWorkbenchView.swift' (191/855)
Linting 'ResearchVaultWorkbenchView+Intake.swift' (192/855)
Linting 'ResearchVaultWorkbenchView+Setup.swift' (193/855)
Linting 'ResearchVaultWorkbenchView+Claims.swift' (194/855)
Linting 'LogViewerWindow.swift' (195/855)
Linting 'StatsInline.swift' (196/855)
Linting 'DatabaseQueries.swift' (197/855)
Linting 'Migrations.swift' (198/855)
Linting 'DatabaseManager.swift' (199/855)
Linting 'WindowCalculator.swift' (200/855)
Linting 'CalibrationEngine.swift' (201/855)
Linting 'TrialService.swift' (202/855)
Linting 'OAuthUsageProvider.swift' (203/855)
Linting 'PeerTerminalBridge.swift' (204/855)
Linting 'CloudKitPublisher.swift' (206/855)
Linting 'SafariBridge.swift' (205/855)
Linting 'ExactModeService.swift' (207/855)
Linting 'EmbeddedClaudeSession.swift' (208/855)
Linting 'LicenseService.swift' (209/855)
Linting 'PeerTransport.swift' (210/855)
Linting 'EmbeddedClaudeSession+Navigation.swift' (211/855)
Linting 'WorkflowPlatformModels.swift' (213/855)
Linting 'LicenseService+Payload.swift' (212/855)
Linting 'ResearchDossier.swift' (214/855)
Linting 'TaskIntegrationModels.swift' (215/855)
Linting 'WorkflowEvidenceReceipt.swift' (216/855)
Linting 'WindowKind.swift' (217/855)
Linting 'WorkflowReleaseModels.swift' (218/855)
Linting 'ProjectKnowledgeModels.swift' (219/855)
Linting 'ModelTier.swift' (220/855)
Linting 'ProjectInstructionModels.swift' (221/855)
Linting 'WorkflowWorkContract.swift' (222/855)
Linting 'PeerControlAdmission.swift' (223/855)
Linting 'DispatchModels.swift' (225/855)
Linting 'WorkflowReviewModels.swift' (226/855)
Linting 'WorkflowDesignContract.swift' (224/855)
Linting 'TaskVerificationLease.swift' (227/855)
Linting 'WorkflowSecurityFinding.swift' (228/855)
Linting 'AppSetting.swift' (229/855)
Linting 'WorkflowIPModels.swift' (230/855)
Linting 'FileState.swift' (231/855)
Linting 'WorkflowRecipeModels.swift' (232/855)
Linting 'UsageSnapshotRow.swift' (233/855)
Linting 'Calibration.swift' (234/855)
Linting 'WorkflowProductCycleContract.swift' (235/855)
Linting 'PlanModels.swift' (236/855)
Linting 'WorkflowDependencyModels.swift' (237/855)
Linting 'BudgetAdmissionModels.swift' (238/855)
Linting 'TaskVerificationProcess.swift' (239/855)
Linting 'WorkflowTechnologyReuseModels.swift' (240/855)
Linting 'UsageEvent.swift' (241/855)
Linting 'ProjectInfo.swift' (242/855)
Linting 'UsageSnapshot.swift' (243/855)
Linting 'PlanIntegrationModel.swift' (244/855)
Linting 'AppState.swift' (245/855)
Linting 'MirrorFanout.swift' (246/855)
Linting 'ProjectInstructionModel.swift' (247/855)
Linting 'CodexUsageSnapshot.swift' (248/855)
Linting 'PlanModel.swift' (249/855)
Linting 'MenuBarSignals.swift' (250/855)
Linting 'AppState+Mirror.swift' (251/855)
Linting 'SessionFileParser.swift' (252/855)
Linting 'ExactSnapshot.swift' (253/855)
Linting 'UsageExtractor.swift' (254/855)
Linting 'WarningDetector.swift' (255/855)
Linting 'WaitingIntent.swift' (256/855)
Linting 'ColdStartScanner.swift' (257/855)
Linting 'ThrottleIntents.swift' (258/855)
Linting 'DataLayerCoordinator.swift' (259/855)
Linting 'LiveFileWatcher.swift' (260/855)
Linting 'SavingsIngester.swift' (261/855)
Linting 'CodexUsageIngester.swift' (262/855)
Linting 'HourlySweeper.swift' (263/855)
Linting 'WorkflowReleaseLedgerStore.swift' (264/855)
Linting 'WorkflowReviewGate.swift' (265/855)
Linting 'LiveAgentRoots.swift' (266/855)
Linting 'PromptRefinerService.swift' (267/855)
Linting 'AssistantTools.swift' (268/855)
Linting 'TranscriptMemoryInstaller.swift' (269/855)
Linting 'RemoteSessionsService+Transfer.swift' (270/855)
Linting 'ClaudeWebSessionProvider.swift' (271/855)
Linting 'MCPResponseLedger.swift' (272/855)
Linting 'MenuBarUpdateGuard.swift' (273/855)
Linting 'PlanMCPAuthorityRevocation.swift' (274/855)
Linting 'CalendarReminderService.swift' (275/855)
Linting 'ResearchVaultURLIntake.swift' (276/855)
Linting 'MCPConfigService.swift' (277/855)
Linting 'TokoptBenchmark.swift' (278/855)
Linting 'PlanMCPAuthority.swift' (279/855)
Linting 'MCPAdvisorService.swift' (280/855)
Linting 'AppleIntelligenceProvider.swift' (281/855)
Linting 'ReadFirewallScanner.swift' (282/855)
Linting 'HealthCheckService.swift' (283/855)
Linting 'CommandRunnerService.swift' (284/855)
Linting 'ContextTrimmerService.swift' (285/855)
Linting 'CacheHygieneService.swift' (286/855)
Linting 'BrevityHookService.swift' (287/855)
Linting 'ProjectKnowledgeExplorerSearch.swift' (288/855)
Linting 'NotebookLMGatewayClient.swift' (289/855)
Linting 'StatsDataService.swift' (290/855)
Linting 'BudgetAdmissionStore.swift' (291/855)
Linting 'HookStatusService.swift' (292/855)
Linting 'SOTASelfTest.swift' (293/855)
Linting 'TaskVerificationLaunchGate.swift' (294/855)
Linting 'CockpitQueries.swift' (295/855)
Linting 'AIOptimizerService.swift' (296/855)
Linting 'ScopedCapModel.swift' (297/855)
Linting 'PlanWatcher.swift' (298/855)
Linting 'TraycerEnvInstaller.swift' (299/855)
Linting 'WebURLPolicy.swift' (300/855)
Linting 'TestOutcomeStore.swift' (301/855)
Linting 'WebRenderer.swift' (302/855)
Linting 'PlanStore.swift' (303/855)
Linting 'SettingsAuditService.swift' (304/855)
Linting 'RedTeamCampaignStorage.swift' (305/855)
Linting 'ClaudeAPIKeyProvider.swift' (306/855)
Linting 'ProjectIntakeService.swift' (307/855)
Linting 'LocalAuditEngine.swift' (308/855)
Linting 'AssistantProjectTools.swift' (309/855)
Linting 'TraycerDecoder.swift' (310/855)
Linting 'TestOutcomeDetector.swift' (311/855)
Linting 'ProjectInstructionReconciler.swift' (312/855)
Linting 'PlanMCPSchemas.swift' (313/855)
Linting 'FileEditor.swift' (314/855)
Linting 'WorkspaceOpen.swift' (315/855)
Linting 'WorkflowResultImporter.swift' (316/855)
Linting 'SystemMemoryService.swift' (317/855)
Linting 'AttemptHistory.swift' (318/855)
Linting 'LocalModelBenchService.swift' (319/855)
Linting 'ProductSignals.swift' (320/855)
Linting 'AppleIntelligenceTools.swift' (321/855)
Linting 'WhatsNewService.swift' (322/855)
Linting 'ResearchVaultServiceManager.swift' (323/855)
Linting 'SkillScopeService.swift' (324/855)
Linting 'PlanMCPTools.swift' (325/855)
Linting 'StatuslineService.swift' (326/855)
Linting 'PlanAdvisor.swift' (327/855)
Linting 'OutputStyleShadowingDetector.swift' (328/855)
Linting 'OwnedProcessTermination.swift' (329/855)
Linting 'TaskSpend.swift' (330/855)
Linting 'PlanOrientation.swift' (331/855)
Linting 'TaskWorktreeService.swift' (332/855)
Linting 'LogFoldService.swift' (333/855)
Linting 'WorkflowReleaseLedgerStorage.swift' (334/855)
Linting 'AutopilotService.swift' (335/855)
Linting 'EmbeddedModelProvider.swift' (336/855)
Linting 'TokenEstimate.swift' (337/855)
Linting 'NativeSessionBinding.swift' (338/855)
Linting 'RemoteTransferReservation.swift' (339/855)
Linting 'RemoteSessionsService+Return.swift' (340/855)
Linting 'RemoteSessionsService+Reconciliation.swift' (341/855)
Linting 'TaskIntegrationService.swift' (342/855)
Linting 'ProjectKnowledgeMCP.swift' (343/855)
Linting 'HumanDecisionRecorder.swift' (344/855)
Linting 'Throttle/Services/ThresholdNotifier.swift' (345/855)
Linting 'AutoRelaunchPolicy.swift' (346/855)
Linting 'ClaudeSetupService.swift' (347/855)
Linting 'RemoteTransferReturn.swift' (348/855)
Linting 'DispatchBudget.swift' (350/855)
Linting 'MCPSchemaCache.swift' (349/855)
Linting 'ProjectKnowledgeExplorerReceipt.swift' (351/855)
Linting 'TaskIntegrationVerifyProcess.swift' (352/855)
Linting 'DeadSkillService.swift' (353/855)
Linting 'CSVExporter.swift' (354/855)
Linting 'WorkflowClaimContract.swift' (355/855)
Linting 'ResearchVaultSynthesisProvider.swift' (356/855)
Linting 'WebRenderClient.swift' (357/855)
Linting 'NotebookLMImportJob.swift' (358/855)
Linting 'PlanMCPRecipeTools.swift' (359/855)
Linting 'ReviewedPasteService.swift' (360/855)
Linting 'RepoIndexer.swift' (361/855)
Linting 'ModelPricing.swift' (362/855)
Linting 'TaskIntegrationServiceReview.swift' (363/855)
Linting 'RouterAdvisorService.swift' (364/855)
Linting 'MCPProxyChild.swift' (365/855)
Linting 'CodexUsageService.swift' (366/855)
Linting 'PlanMCPTaskRouter.swift' (367/855)
Linting 'PlanMCPRetry.swift' (368/855)
Linting 'ThrottleCommandChannel.swift' (369/855)
Linting 'BudgetAdmissionStorage.swift' (370/855)
Linting 'ContentStore.swift' (371/855)
Linting 'CaffeineService.swift' (372/855)
Linting 'TaskIntegrationServiceVerify.swift' (373/855)
Linting 'DeltaMemStore.swift' (374/855)
Linting 'PlanMCPIntakeTools.swift' (375/855)
Linting 'PlanProjection.swift' (376/855)
Linting 'ClaudeAPIKeyProtocol.swift' (377/855)
Linting 'MemoryCleanupService.swift' (378/855)
Linting 'MemoryPressureMonitor.swift' (379/855)
Linting 'ProjectInstructionDiscovery.swift' (380/855)
Linting 'CcusageImporter.swift' (381/855)
Linting 'TraycerQueries.swift' (382/855)
Linting 'PortfolioMapService.swift' (383/855)
Linting 'CrashReporter.swift' (384/855)
Linting 'ClaudeWebSessionProvider+Scripts.swift' (385/855)
Linting 'ReadFirewallService.swift' (386/855)
Linting 'RemoteSessionsService.swift' (387/855)
Linting 'ProjectKnowledgeExplorer.swift' (388/855)
Linting 'CacheBustAnalyzer.swift' (389/855)
Linting 'ProjectsService.swift' (390/855)
Linting 'WebResearchCache.swift' (391/855)
Linting 'CockpitNotifier.swift' (392/855)
Linting 'MCPOffloadService.swift' (393/855)
Linting 'RemoteTransferGit.swift' (394/855)
Linting 'TaskIntegrationVerifyChild.swift' (395/855)
Linting 'TaskLauncher.swift' (396/855)
Linting 'RemoteSessionsService+FreshStart.swift' (397/855)
Linting 'PlanMCPAuthorityLifecycle.swift' (398/855)
Linting 'EdgeDeployService.swift' (399/855)
Linting 'OutputStyleService.swift' (400/855)
Linting 'RemoteTransferFiles.swift' (401/855)
Linting 'AssistantPatchParser.swift' (402/855)
Linting 'MCPHealthService.swift' (403/855)
Linting 'ResearchDossierStore.swift' (404/855)
Linting 'DispatchAdvisor.swift' (405/855)
Linting 'MissionRuntimeService.swift' (406/855)
Linting 'ThrottleMCPHealthStore.swift' (407/855)
Linting 'ThrottleMCPServer.swift' (408/855)
Linting 'RetentionService.swift' (409/855)
Linting 'TranscriptIndex.swift' (410/855)
Linting 'UpdaterService.swift' (411/855)
Linting 'ShadowReplayService.swift' (412/855)
Linting 'ProjectKnowledgeExplorerIO.swift' (413/855)
Linting 'ClaudeWebSessionProvider+Streaming.swift' (414/855)
Linting 'AgentRole.swift' (415/855)
Linting 'PlanMCPReviewTools.swift' (416/855)
Linting 'TokoptHookInstaller.swift' (417/855)
Linting 'DiagnosticArchive.swift' (418/855)
Linting 'ClaudeAgentInventory.swift' (419/855)
Linting 'OutputStyleManager.swift' (420/855)
Linting 'WebNavigationPlanner.swift' (421/855)
Linting 'DiagnosticsExporter.swift' (422/855)
Linting 'DiagnosticReport.swift' (423/855)
Linting 'NotebookLMGatewayProcess.swift' (424/855)
Linting 'RedTeamCampaignStore.swift' (425/855)
Linting 'TaskLauncherAuthority.swift' (426/855)
Linting 'ProjectOverviewProjection.swift' (427/855)
Linting 'GlobalRAGOnboardingService.swift' (428/855)
Linting 'ClaudeCodePathProvider.swift' (429/855)
Linting 'NativeProcessIdentity.swift' (430/855)
Linting 'VectorStore.swift' (431/855)
Linting 'BashSandbox.swift' (432/855)
Linting 'CacheBreakEven.swift' (433/855)
Linting 'ClaudeWebSessionProvider+LegacyScripts.swift' (434/855)
Linting 'LoginItemService.swift' (435/855)
Linting 'CapabilityHostService.swift' (436/855)
Linting 'TaskBudgetAdmission.swift' (437/855)
Linting 'ContextFirewall.swift' (438/855)
Linting 'VerifyConsent.swift' (439/855)
Linting 'MCPProbeService.swift' (440/855)
Linting 'PromptRefinerModel.swift' (441/855)
Linting 'MilestoneTracker.swift' (442/855)
Linting 'OKFStore.swift' (443/855)
Linting 'PromptCacheImpactService.swift' (444/855)
Linting 'ResearchVaultInboxBookmarkStore.swift' (445/855)
Linting 'SemanticAutoIndexer.swift' (446/855)
Linting 'SessionReentryDigest.swift' (447/855)
Linting 'AppLogger.swift' (448/855)
Linting 'HostMetricsService.swift' (449/855)
Linting 'ProjectInstructionService.swift' (450/855)
Linting 'PlanFlow.swift' (451/855)
Linting 'SemanticIndex.swift' (452/855)
Linting 'SemanticCorpusStore.swift' (453/855)
Linting 'ConfigDedupService.swift' (454/855)
Linting 'PlanTemplate.swift' (455/855)
Linting 'WebRenderBridge.swift' (456/855)
Linting 'TraycerReceiver.swift' (457/855)
Linting 'TokoptHook.swift' (458/855)
Linting 'LocalWorkerRouter.swift' (459/855)
Linting 'GlobalRAGService.swift' (460/855)
Linting 'ContextBloatService.swift' (461/855)
Linting 'XcodeBuildErrorsService.swift' (462/855)
Linting 'LocalDelegationService.swift' (463/855)
Linting 'MCPWrapper.swift' (464/855)
Linting 'LocalCandidateService.swift' (465/855)
Linting 'CodexProgressService.swift' (466/855)
Linting 'DevUnlockService.swift' (467/855)
Linting 'RemoteTransferJournal.swift' (468/855)
Linting 'TOONTranspiler.swift' (469/855)
Linting 'SessionProjectResolver.swift' (470/855)
Linting 'ShadowReplayService+Certification.swift' (471/855)
Linting 'MultiVendorService.swift' (472/855)
Linting 'ResearchVaultFolderSourceStore.swift' (473/855)
Linting 'EmbeddingProvider.swift' (474/855)
Linting 'TeamPolicyService.swift' (475/855)
Linting 'TaskVerificationLifecycle.swift' (476/855)
Linting 'GlobalRAGSessionContextInstaller.swift' (477/855)
Linting 'AIProviderRegistry.swift' (478/855)
Linting 'MCPProxyServer.swift' (479/855)
Linting 'ReadFirewallInstaller.swift' (480/855)
Linting 'SkillUsageService.swift' (481/855)
Linting 'UsagePressure.swift' (482/855)
Linting 'LoopDetectorService.swift' (483/855)
Linting 'RemoteTransferTranscript.swift' (484/855)
Linting 'AIProvider.swift' (485/855)
Linting 'ImageTextExtractor.swift' (486/855)
Linting 'Main.swift' (487/855)
Linting 'TraycerStore.swift' (488/855)
Linting 'PlanMCPTransport.swift' (489/855)
Linting 'ThrottleVisionApp.swift' (490/855)
Linting 'VisionCockpitView.swift' (491/855)
Linting 'VisionAppDelegate.swift' (492/855)
Linting 'PeerTests.swift' (493/855)
Linting 'EdgeTransferServiceTests.swift' (494/855)
Linting 'EdgeTransferDownloadTests.swift' (495/855)
Linting 'MirrorOutboundPolicyTests.swift' (496/855)
Linting 'MirrorEnvelopeCompatibilityTests.swift' (497/855)
Linting 'MouseReportFilterTests.swift' (498/855)
Linting 'GoliathControlPlaneTests.swift' (499/855)
Linting 'EdgeRuntimeDeploymentTests.swift' (500/855)
Linting 'EdgeFreshSessionStarterTests.swift' (501/855)
Linting 'CloudKitRecordMappingTests.swift' (502/855)
Linting 'KeychainStoreTests.swift' (503/855)
Linting 'PeerPairing.swift' (504/855)
Linting 'PeerAdvertiser.swift' (505/855)
Linting 'PeerTLS.swift' (506/855)
Linting 'ThrottleShared/Package.swift' (507/855)
Linting 'CatchupBuffer.swift' (508/855)
Linting 'PeerConnector.swift' (509/855)
Linting 'PredictiveEcho.swift' (510/855)
Linting 'PeerTerminal.swift' (511/855)
Linting 'EdgeAgentService+NodeRuntime.swift' (512/855)
Linting 'MirrorTransport.swift' (513/855)
Linting 'ThrottleShared/Sources/ThrottleCFOIngest/main.swift' (514/855)
Linting 'EdgeAgentService+ClaudeRuntime.swift' (515/855)
Linting 'ThrottleActivityAttributes.swift' (516/855)
Linting 'GoliathControlPlane.swift' (517/855)
Linting 'EdgeTransferReturn.swift' (518/855)
Linting 'EdgeAgentService+LegacyTransfer.swift' (519/855)
Linting 'MirrorOutboundProjection.swift' (520/855)
Linting 'ThrottleShared/Sources/ThrottlePeer/PeerMessage.swift' (521/855)
Linting 'KeychainStore.swift' (522/855)
Linting 'ThrottleMirrorSnapshot.swift' (523/855)
Linting 'EdgeAgentService+Verification.swift' (524/855)
Linting 'EdgeFreshStartJournal.swift' (525/855)
Linting 'MouseReportFilter.swift' (526/855)
Linting 'MirrorWidgetPublication.swift' (527/855)
Linting 'EdgeAgentService+Deployment.swift' (528/855)
Linting 'EdgeAgentService+Installation.swift' (529/855)
Linting 'TtydClient.swift' (530/855)
Linting 'MirrorProvisioning.swift' (531/855)
Linting 'CloudKitRecordMapping.swift' (532/855)
Linting 'CloudKitSchema.swift' (533/855)
Linting 'EdgeFreshSessionStarter.swift' (534/855)
Linting 'OutboundPolicy.swift' (535/855)
Linting 'EdgeAgentService.swift' (536/855)
Linting 'EdgeTransferService.swift' (537/855)
Linting 'EdgeAgentService+API.swift' (538/855)
Linting 'localization-probe.swift' (539/855)
Linting 'two-reader-Package.swift' (540/855)
Linting 'verification-crash-worker.swift' (541/855)
Linting 'PeerMessageVectorTests.swift' (542/855)
Linting 'PeerMessageConformanceTests.swift' (543/855)
Linting 'MirrorReadContractTests.swift' (544/855)
Linting 'MirrorReadSnapshot.swift' (545/855)
/Users/kevinnadjarian/GitHub/Throttle/build/convergence-recovery-20260920/docs/convergence/evidence/release-continuation-20260921/two-reader-Package.swift:3:1: error: Line Length Violation: Line should be 120 characters or less; currently it has 160 characters (line_length)
Linting 'MirrorTypes.swift' (546/855)
Linting 'Packages/ThrottlePeerProtocol/Package.swift' (547/855)
Linting 'Packages/ThrottleMirrorContract/Package.swift' (548/855)
Linting 'ResearchVaultSynthesisTests.swift' (549/855)
Linting 'Packages/ThrottlePeerProtocol/Sources/ThrottlePeerProtocol/PeerMessage.swift' (550/855)
Linting 'ReceiptContextTests.swift' (551/855)
Linting 'Packages/ResearchVaultKit/Package.swift' (553/855)
Linting 'OwnerProjectAdmissionTests.swift' (552/855)
Linting 'ResearchReceiptProjectionTests.swift' (554/855)
Linting 'ResearchVaultGatewayTests.swift' (555/855)
Linting 'ResearchClaimsBoardTests.swift' (556/855)
Linting 'ResearchVaultReasoningGoldenTests.swift' (557/855)
Linting 'SQLCipherReasoningStoreTests.swift' (558/855)
Linting 'SQLCipherReceiptStoreTests.swift' (560/855)
Linting 'ResearchVaultReasoningTests.swift' (559/855)
Linting 'SQLCipherHistoricalBackupTests.swift' (561/855)
Linting 'SQLCipherRuntimeTests.swift' (562/855)
Linting 'SQLCipherReviewStateTests.swift' (563/855)
Linting 'EncryptedObjectStoreTests.swift' (564/855)
Linting 'VaultKeyDerivationTests.swift' (565/855)
Linting 'ReceiptStoreTests.swift' (566/855)
Linting 'OwnerBatchSecurityTests.swift' (567/855)
Linting 'ResearchVaultCorpusManifestTests.swift' (568/855)
Linting 'ResearchReceiptTests.swift' (569/855)
Linting 'ResearchEmbeddingTests.swift' (570/855)
Linting 'RetrievalQualityGateTests.swift' (571/855)
Linting 'ManualResearchFileImporterTests.swift' (572/855)
Linting 'ResearchReceiptInboxTests.swift' (573/855)
Linting 'NotebookLMMigrationImporterTests.swift' (574/855)
Linting 'ResearchVaultGoldenSetTests.swift' (575/855)
Linting 'RetrievalBenchmarkTests.swift' (576/855)
Linting 'ResearchVaultMarkdownExporterTests.swift' (577/855)
Linting 'ResearchDocumentTextExtractorTests.swift' (578/855)
Linting 'ResearchDocumentChunkerTests.swift' (579/855)
Linting 'SynthesisGroundingTests.swift' (580/855)
Linting 'DeepSearshCatalogImporterTests.swift' (581/855)
Linting 'ResearchVaultMCPProtocolHandlerTests.swift' (582/855)
Linting 'ResearchVaultXPCTests.swift' (583/855)
Linting 'ResearchVaultQueryEnvelopeTests.swift' (584/855)
Linting 'ResearchVaultXPCServiceMain.swift' (586/855)
Linting 'VaultMasterKeyStoreTests.swift' (585/855)
Linting 'ResearchVaultGateway+Documents.swift' (587/855)
Linting 'ResearchVaultContextAssembler.swift' (588/855)
Linting 'ResearchVaultGateway.swift' (589/855)
Linting 'ResearchVaultAgentHookMain.swift' (590/855)
Linting 'ResearchVaultMarkdownExporter.swift' (591/855)
Linting 'ManualResearchFileImporter.swift' (592/855)
Linting 'ResearchDocumentChunker.swift' (593/855)
Linting 'NotebookLMMigrationModel.swift' (594/855)
Linting 'ResearchVaultGoldenSet.swift' (595/855)
Linting 'DeepSearshCatalogImporter.swift' (596/855)
Linting 'Packages/ResearchVaultKit/Sources/research-vault-reasoning-differential/main.swift' (597/855)
Linting 'ResearchEmbedding.swift' (598/855)
Linting 'Packages/ResearchVaultKit/Tests/ResearchVaultIPCModelTests/ResearchVaultIPCModelTests.swift' (600/855)
Linting 'ResearchReceiptInbox.swift' (599/855)
Linting 'ResearchDocumentOCR.swift' (601/855)
Linting 'RetrievalQualityGate.swift' (602/855)
Linting 'NotebookLMMigrationImporter.swift' (603/855)
Linting 'ResearchDocumentTextExtractor.swift' (604/855)
Linting 'RetrievalBenchmark.swift' (605/855)
Linting 'ResearchVaultMCPWireTypes.swift' (606/855)
Linting 'VaultMasterKeyStore.swift' (607/855)
Linting 'ResearchVaultAgentHook.swift' (608/855)
Linting 'ResearchVaultMCPProtocolHandler.swift' (609/855)
Linting 'ResearchLogic.swift' (610/855)
Linting 'ResearchVaultXPCClient.swift' (611/855)
Linting 'ResearchClaimsBoard.swift' (613/855)
Linting 'ResearchVaultSynthesis.swift' (612/855)
Linting 'ResearchReceiptProjection.swift' (614/855)
Linting 'BenchmarkMain.swift' (615/855)
Linting 'BenchmarkOptions.swift' (616/855)
Linting 'BenchmarkSupport.swift' (617/855)
Linting 'ResearchVaultServiceRuntime.swift' (619/855)
Linting 'ResearchVaultModel.swift' (618/855)
Linting 'VaultAuthorization.swift' (620/855)
Linting 'SQLCipherReceiptRetrieval.swift' (622/855)
Linting 'Packages/ResearchVaultKit/Sources/research-vault-crash-probe/main.swift' (621/855)
Linting 'ResearchVaultMCPMain.swift' (623/855)
Linting 'SQLCipherSchema.swift' (624/855)
Linting 'SQLCipherSchema+OwnerProjects.swift' (625/855)
Linting 'SQLCipherSchema+Documents.swift' (626/855)
Linting 'SQLCipherOwnerProjects.swift' (627/855)
Linting 'SQLCipherSchema+Reasoning.swift' (628/855)
Linting 'SQLCipherConnection.swift' (629/855)
Linting 'SQLCipherReceiptStore+Import.swift' (630/855)
Linting 'SQLCipherReceiptStore.swift' (631/855)
Linting 'SQLCipherSchema+Receipts.swift' (632/855)
Linting 'SQLCipherSchema+Spaces.swift' (633/855)
Linting 'SQLCipherReceiptStore+Maintenance.swift' (634/855)
Linting 'SQLCipherReceiptStore+Receipts.swift' (635/855)
Linting 'SQLCipherRuntime.swift' (636/855)
Linting 'SQLCipherReceiptStore+Documents.swift' (637/855)
Linting 'SQLCipherReceiptStore+Query.swift' (638/855)
Linting 'Packages/ResearchVaultKit/Sources/ResearchVaultIPCModel/ResearchVaultIPCModel.swift' (639/855)
Linting 'SQLCipherReasoningStore.swift' (640/855)
Linting 'Packages/ResearchVaultKit/Sources/research-vault-synthesis-security-probe/main.swift' (641/855)
Linting 'EncryptedObjectStore.swift' (642/855)
Linting 'ClaimSearchStore.swift' (643/855)
Linting 'ReceiptStore.swift' (645/855)
Linting 'VaultKeyDerivation.swift' (644/855)
Linting 'ResearchVaultOwnerService.swift' (646/855)
Linting 'ResearchVaultXPC.swift' (647/855)
Linting 'ResearchVaultListenerDelegates.swift' (648/855)
Linting 'XPCInterfaceCapture.swift' (649/855)
Linting 'VaultClientTests.swift' (650/855)
Linting 'ResearchVaultXPCInterface.swift' (651/855)
Linting 'ResearchVaultReceiptBatchReaderTests.swift' (652/855)
Linting 'Packages/ResearchVaultKit/Sources/research-vault-catalog-probe/main.swift' (653/855)
Linting 'ThrottleVaultClient.swift' (654/855)
Linting 'ResearchVaultReceiptBatchReader.swift' (655/855)
Linting 'ResearchVaultClient.swift' (656/855)
Linting 'VaultWireFixture.swift' (657/855)
Linting 'VaultContractCompatibilityTests.swift' (658/855)
Linting 'Packages/ResearchVaultKit/Sources/research-vault-reasoning-benchmark/main.swift' (659/855)
Linting 'Packages/ThrottleVaultClient/Package.swift' (660/855)
Linting 'ReceiptVectorTests.swift' (661/855)
Linting 'ResearchVaultServiceIdentity.swift' (662/855)
Linting 'ResearchVaultContextEncoding.swift' (663/855)
Linting 'ResearchVaultReasoningDTO.swift' (664/855)
Linting 'ResearchReceipt.swift' (665/855)
Linting 'Packages/ThrottleVaultContract/Package.swift' (666/855)
Linting 'ResearchVaultReceiptDTO.swift' (667/855)
Linting 'ResearchVaultProjectAdmission.swift' (668/855)
Linting 'ResearchVaultReceiptProvenance.swift' (669/855)
Linting 'ProjectExploreSchema.swift' (670/855)
Linting 'SchemaCompatibilityTests.swift' (671/855)
Linting 'Packages/ThrottleVaultContract/Tests/ThrottleVaultContractTests/ResearchVaultIPCModelTests.swift' (672/855)
Linting 'ThrottleMCPSchemas.swift' (673/855)
Linting 'ThrottleiOSWidget.swift' (674/855)
Linting 'ResearchVaultNotebookSyncTests.swift' (675/855)
Linting 'ResearchVaultWorkbenchProjectionTests.swift' (676/855)
Linting 'ResearchVaultFolderSourceStoreTests.swift' (677/855)
Linting 'Packages/ThrottleVaultContract/Sources/ThrottleVaultContract/ResearchVaultIPCModel.swift' (678/855)
Linting 'MigrationsTests.swift' (679/855)
Linting 'ResearchVaultSpaceStoreTests.swift' (680/855)
Linting 'GlobalRAGOnboardingWindowControllerTests.swift' (681/855)
Linting 'DatabaseQueriesTests.swift' (682/855)
Linting 'SessionFileParserTests.swift' (683/855)
Linting 'UsageExtractorTests.swift' (684/855)
Linting 'WarningDetectorTests.swift' (685/855)
Linting 'Packages/ThrottleMCPContracts/Package.swift' (686/855)
Linting 'SessionStateDotTests.swift' (687/855)
Linting 'MenuBarCountdownTests.swift' (688/855)
Linting 'ActivityFilterTests.swift' (689/855)
Linting 'ExactSnapshotTests.swift' (690/855)
Linting 'WindowCalculatorTests.swift' (691/855)
Linting 'PauseReasonTests.swift' (692/855)
Linting 'CalibrationEngineTests.swift' (693/855)
Linting 'ColdStartScannerTests.swift' (694/855)
Linting 'OptimizerHonestyTests.swift' (695/855)
Linting 'OllamaEmbeddingProviderTests.swift' (696/855)
Linting 'MouseReportFilterWheelTests.swift' (697/855)
Linting 'HumanDecisionRecorderTests.swift' (698/855)
Linting 'SessionResourceEnvelopeTests.swift' (699/855)
Linting 'TokoptHookTests.swift' (700/855)
Linting 'HostedViewReview.swift' (701/855)
Linting 'TaskBudgetAdmissionTests.swift' (702/855)
Linting 'TraycerDecoderTests.swift' (703/855)
Linting 'RemoteTransferGitTests.swift' (704/855)
Linting 'LocalDelegationServiceTests.swift' (705/855)
Linting 'PlanStoreCrashTests.swift' (706/855)
Linting 'TaskVerificationLifecycleTests.swift' (707/855)
Linting 'CockpitPermissionTests.swift' (708/855)
Linting 'CodexProgressServiceTests.swift' (709/855)
Linting 'PlanMCPMissionFenceTests.swift' (710/855)
Linting 'MissionRuntimeServiceTests.swift' (711/855)
Linting 'ProjectKnowledgeBoundaryTests.swift' (712/855)
Linting 'ReadFirewallScannerTests.swift' (713/855)
Linting 'CockpitUsageGenerationTests.swift' (714/855)
Linting 'GlobalRAGServiceTests.swift' (715/855)
Linting 'WorkflowReleaseGateTests.swift' (716/855)
Linting 'ContentStoreTests.swift' (717/855)
Linting 'AIProviderRoutingPolicyTests.swift' (718/855)
Linting 'ProductSignalsTests.swift' (719/855)
Linting 'WorkflowReviewGateTests.swift' (720/855)
Linting 'HealthCheckServiceTests.swift' (721/855)
Linting 'WorkflowDesignContractTests.swift' (722/855)
Linting 'WorkflowResultImporterTests.swift' (723/855)
Linting 'WorkflowDependencyEvaluatorTests.swift' (725/855)
Linting 'SessionReentryDigestTests.swift' (724/855)
Linting 'PlanIntegrationFlowTests.swift' (726/855)
Linting 'PlanMCPTaskRouterTests.swift' (727/855)
Linting 'PlanMCPSchemaContractTests.swift' (728/855)
Linting 'WorkflowTechnologyReuseTests.swift' (729/855)
Linting 'TaskIntegrationServiceTests+Integration.swift' (730/855)
Linting 'PlanMCPIntakeAuthorityTests.swift' (731/855)
Linting 'AssistantProjectToolsTests.swift' (732/855)
Linting 'PromptRefinerServiceTests.swift' (733/855)
Linting 'PlanMCPAuthorityLifecycleTests.swift' (734/855)
Linting 'RemoteSessionsCredentialTests.swift' (735/855)
Linting 'TaskLauncherBudgetTests.swift' (736/855)
Linting 'CSVExporterTests.swift' (737/855)
Linting 'PlanIntegrationViewTests.swift' (738/855)
Linting 'CacheBustAnalyzerTests.swift' (739/855)
Linting 'EdgeDeployServiceTests.swift' (740/855)
Linting 'WorkflowReviewMCPTests.swift' (741/855)
Linting 'ThrottleWaitingSnapshotTests.swift' (742/855)
Linting 'PlanStoreTests.swift' (743/855)
Linting 'ProjectKnowledgeRaceTests.swift' (745/855)
Linting 'SemanticIndexTests.swift' (744/855)
Linting 'OKFStoreTests.swift' (746/855)
Linting 'TokenEstimateTests.swift' (747/855)
Linting 'PlanProjectionTests.swift' (748/855)
Linting 'NotebookLMImportJobTests.swift' (749/855)
Linting 'DiagnosticReportTests.swift' (750/855)
Linting 'ExactModePollPolicyTests.swift' (751/855)
Linting 'ProjectIntakeTests.swift' (752/855)
Linting 'ResearchVaultURLIntakeTests.swift' (753/855)
Linting 'PlanOrientationTests.swift' (754/855)
Linting 'CloudKitPublisherTests.swift' (755/855)
Linting 'PlanIntegrationCardTests.swift' (757/855)
Linting 'TaskBudgetLifecycleTests.swift' (756/855)
Linting 'ReviewedPasteServiceTests.swift' (758/855)
Linting 'CacheBreakEvenTests.swift' (760/855)
Linting 'CockpitCountdownTests.swift' (759/855)
Linting 'WorkflowEvidenceReceiptTests.swift' (761/855)
Linting 'PlanProjectionIntegrationEventsTests.swift' (762/855)
Linting 'TokoptBenchmarkTests.swift' (763/855)
Linting 'TaskWorktreeServiceTests.swift' (764/855)
Linting 'AppTestHostIsolationTests.swift' (765/855)
Linting 'RepoIndexerTests.swift' (766/855)
Linting 'TaskVerificationCrashTests.swift' (767/855)
Linting 'TranscriptMemoryInstallerTests.swift' (768/855)
Linting 'RemoteTransferJournalTests.swift' (769/855)
Linting 'WorkflowReleaseLedgerStoreTests.swift' (770/855)
Linting 'DiagnosticArchiveTests.swift' (771/855)
Linting 'VectorStoreTests.swift' (772/855)
Linting 'ProjectOverviewProjectionTests.swift' (773/855)
Linting 'PlanMCPToolsTests.swift' (774/855)
Linting 'ContextFirewallTests.swift' (775/855)
Linting 'NotebookLMGatewayProcessTests.swift' (776/855)
Linting 'ProjectKnowledgeExplorerTests.swift' (777/855)
Linting 'TestOutcomeDetectorTests.swift' (778/855)
Linting 'SemanticAutoIndexerTests.swift' (779/855)
Linting 'CockpitLifecycleTests.swift' (780/855)
Linting 'WorkflowContractIntegrationTests.swift' (781/855)
Linting 'WorkflowIPEvaluatorTests.swift' (782/855)
Linting 'LocalWorkerModelSelectionTests.swift' (783/855)
Linting 'PeerTerminalBoundaryTests.swift' (784/855)
Linting 'EmbeddedModelRuntimeTests.swift' (785/855)
Linting 'TaskLauncherTests.swift' (786/855)
Linting 'VerifyConsentTests.swift' (787/855)
Linting 'AutoRelaunchPolicyTests.swift' (789/855)
Linting 'PromptRefinerModelTests.swift' (788/855)
Linting 'DisplayedNumbersTests.swift' (790/855)
Linting 'BashSandboxTests.swift' (791/855)
Linting 'WorkflowParityAuditorTests.swift' (792/855)
Linting 'PromptCacheImpactServiceTests.swift' (793/855)
Linting 'CockpitSpendViewTests.swift' (794/855)
Linting 'RouterAdvisorCacheTests.swift' (795/855)
Linting 'DispatchAdvisorTests.swift' (796/855)
Linting 'ClaudeAPIKeyProtocolTests.swift' (797/855)
Linting 'SessionProjectResolverTests.swift' (798/855)
Linting 'BudgetAdmissionStoreTests.swift' (799/855)
Linting 'TaskVerificationProcessTests.swift' (800/855)
Linting 'PlanMCPRetryTests.swift' (801/855)
Linting 'TaskSpendTests.swift' (802/855)
Linting 'OwnedProcessTerminationTests.swift' (803/855)
Linting 'TaskIntegrationRefusalTests.swift' (804/855)
Linting 'DeadSkillServiceTests.swift' (805/855)
Linting 'ProjectInstructionServiceTests.swift' (806/855)
Linting 'TaskIntegrationWorkContractTests.swift' (807/855)
Linting 'ClaudeAgentInventoryTests.swift' (808/855)
Linting 'TraycerStoreTests.swift' (809/855)
Linting 'WorkflowRecipeTests.swift' (810/855)
Linting 'TestOutcomeStoreTests.swift' (811/855)
Linting 'TaskIntegrationHardeningTests.swift' (812/855)
Linting 'PlanMCPAuthorityTests.swift' (813/855)
Linting 'AttemptHistoryTests.swift' (814/855)
Linting 'CodexUsageServiceTests.swift' (815/855)
Linting 'ProjectAssistantViewTests.swift' (816/855)
Linting 'RedTeamCampaignStoreTests.swift' (817/855)
Linting 'PeerControlAdmissionTests.swift' (818/855)
Linting 'TaskIntegrationOutputTests.swift' (819/855)
Linting 'CockpitOnboardingTests.swift' (820/855)
Linting 'OutboundPolicyTests.swift' (821/855)
Linting 'DeltaMemStoreTests.swift' (822/855)
Linting 'WorkflowWorkContractTests.swift' (823/855)
Linting 'RemoteTransferReturnTests.swift' (824/855)
Linting 'WorkflowFoundationTests.swift' (825/855)
Linting 'ShadowReplayLedgerTests.swift' (826/855)
Linting 'TaskIntegrationServiceTests.swift' (827/855)
Linting 'PlanFlowTests.swift' (828/855)
Linting 'StringCatalogFrenchTests.swift' (829/855)
Linting 'ThrottleiOSApp.swift' (830/855)
Linting 'ContextPacketEvidenceTests.swift' (831/855)
Linting 'LiveUsageView.swift' (832/855)
Linting 'SettingsView.swift' (833/855)
Linting 'TerminalHost.swift' (834/855)
Linting 'RemoteTerminalView.swift' (835/855)
Linting 'MirrorUI.swift' (836/855)
Linting 'TerminalAccessory.swift' (837/855)
Linting 'EdgeSessionListView.swift' (838/855)
Linting 'HistoryChartsView.swift' (839/855)
Linting 'OnboardingView.swift' (840/855)
Linting 'RootTabView.swift' (841/855)
Linting 'MeterView.swift' (842/855)
Linting 'SessionListView.swift' (843/855)
Linting 'ThrottleiOS/AppDelegate.swift' (844/855)
Linting 'CompanionRuntime.swift' (845/855)
Linting 'MirrorCloudBackend.swift' (846/855)
Linting 'EdgeSessionsService.swift' (847/855)
Linting 'CloudKitSubscriber.swift' (848/855)
Linting 'PeerClient.swift' (850/855)
Linting 'EdgeTerminalView.swift' (849/855)
Linting 'MirrorStore.swift' (851/855)
Linting 'ThrottleLiveActivity.swift' (852/855)
Linting 'TerminalLockState.swift' (853/855)
Linting 'ThrottleiOS/Services/ThresholdNotifier.swift' (854/855)
Linting 'NativeSessionBindingTests.swift' (855/855)
Done linting! Found 1 violation, 1 serious in 855 files.
