Linting Swift files in current working directory
Linting 'PeerClientPrivacyTests.swift' (1/854)
Linting 'TerminalLockStateTests.swift' (2/854)
Linting 'MirrorPrivacyTestSupport.swift' (3/854)
Linting 'CloudKitSubscriberPrivacyTests.swift' (4/854)
Linting 'MirrorStorePrivacyTests.swift' (5/854)
Linting 'CompanionHostIsolationTests.swift' (6/854)
Linting 'TerminalIdentityPrivacyTests.swift' (7/854)
Linting 'RemoteTerminalPrivacyTests.swift' (8/854)
Linting 'LiveActivityOperationQueueTests.swift' (9/854)
Linting 'ThrottleWidget.swift' (10/854)
xcrun: warning: confstr() failed with code 5: couldn't get path of DARWIN_USER_TEMP_DIR; using /tmp instead
Linting 'AppDelegate+Termination.swift' (11/854)
Linting 'AppDelegate+TestHost.swift' (12/854)
Linting 'ThrottleApp.swift' (13/854)
Linting 'AppDelegateDeepLinks.swift' (14/854)
Linting 'AppDelegate+Observations.swift' (15/854)
Linting 'AppDelegate+License.swift' (16/854)
Linting 'AppDelegate+Launch.swift' (17/854)
Linting 'RetainedWindowPolicy.swift' (18/854)
Linting 'ProUpsellBanner.swift' (19/854)
Linting 'DropdownView+Navigation.swift' (20/854)
Linting 'DropdownView.swift' (21/854)
Linting 'Throttle/main.swift' (22/854)
Linting 'Throttle/AppDelegate.swift' (23/854)
Linting 'DropdownDockKit.swift' (24/854)
Linting 'InlineProPane.swift' (25/854)
Linting 'MenuBarLabel.swift' (26/854)
Linting 'MenuBarSparkline.swift' (27/854)
Linting 'InlineGeneralPane+General.swift' (28/854)
Linting 'InlineGeneralPane+MenuBar.swift' (29/854)
Linting 'GlobalRAGOnboardingView+Actions.swift' (30/854)
Linting 'InlineAssistantPane+LocalWorker.swift' (31/854)
Linting 'SessionOffloadSheet.swift' (32/854)
Linting 'DropdownView+Meter.swift' (33/854)
Linting 'InlineHooksPane.swift' (34/854)
Linting 'DropdownView+Bars.swift' (35/854)
Linting 'OutputStyleManagerSheet.swift' (36/854)
Linting 'InlineProPane+ExactMode.swift' (37/854)
Linting 'ModelCardLink.swift' (38/854)
Linting 'InlineCalibrationPane.swift' (39/854)
Linting 'CommandRunnerSheet.swift' (40/854)
Linting 'InlineGeneralPane+Connections.swift' (41/854)
Linting 'GlobalRAGOnboardingView.swift' (42/854)
Linting 'MCPManagerWindowController.swift' (43/854)
Linting 'InlineAboutPane.swift' (44/854)
Linting 'TranscriptSearchWindowController.swift' (45/854)
Linting 'MCPManagerSheet.swift' (46/854)
Linting 'DevUnlockSheet.swift' (47/854)
Linting 'FirstRunInline.swift' (48/854)
Linting 'InlineGeneralPane+Autopilot.swift' (49/854)
Linting 'SessionOffloadWindowController.swift' (50/854)
Linting 'MCPOffloadSheet.swift' (52/854)
Linting 'InlineGeneralPane+Context.swift' (51/854)
Linting 'OutputStyleWindowController.swift' (53/854)
Linting 'InlineGeneralPane+Resources.swift' (54/854)
Linting 'TranscriptSearchView.swift' (55/854)
Linting 'InlineAssistantPane.swift' (56/854)
Linting 'FirstRunInline+Choices.swift' (57/854)
Linting 'CommandRunnerWindowController.swift' (58/854)
Linting 'DiagnosticsPreviewView.swift' (59/854)
Linting 'DropdownView+Preview.swift' (60/854)
Linting 'DropdownSettingsComponents.swift' (62/854)
Linting 'DiagnosticsPreviewWindowController.swift' (61/854)
Linting 'InlineGeneralPane.swift' (63/854)
Linting 'InlineGeneralPane+Actions.swift' (64/854)
Linting 'GlobalRAGOnboardingWindowController.swift' (65/854)
Linting 'DropdownView+Readout.swift' (66/854)
Linting 'ExactModeMessage.swift' (67/854)
Linting 'EvalReadout.swift' (68/854)
Linting 'ReadFirewallReadout.swift' (69/854)
Linting 'ProjectsSidebar.swift' (70/854)
Linting 'ProjectOverviewTab+Blocks.swift' (71/854)
Linting 'ProjectOverviewTab+Parts.swift' (72/854)
Linting 'SettleDecisionSheet.swift' (73/854)
Linting 'ApplyPatchesSheet.swift' (74/854)
Linting 'ProjectAssistantTab+Transcript.swift' (75/854)
Linting 'ProjectFilesTab.swift' (76/854)
Linting 'ProjectStatsTab.swift' (77/854)
Linting 'TraycerReadout.swift' (78/854)
Linting 'ProjectOverviewTab.swift' (79/854)
Linting 'ProjectAssistantTab.swift' (80/854)
Linting 'ProjectAssistantTab+Actions.swift' (81/854)
Linting 'TOONPotentialReadout.swift' (82/854)
Linting 'ProjectAssistantTab+Context.swift' (83/854)
Linting 'ProjectWindowRoot.swift' (84/854)
Linting 'ProjectOptimizerTab.swift' (85/854)
Linting 'ProjectWindowController.swift' (86/854)
Linting 'DiffView.swift' (87/854)
Linting 'CockpitTransitionBanner.swift' (88/854)
Linting 'ClaudeSetupView.swift' (89/854)
Linting 'CockpitToolbarComponents.swift' (90/854)
Linting 'AIRoutingWindowController.swift' (91/854)
Linting 'CockpitTab.swift' (92/854)
Linting 'SessionStateDot.swift' (93/854)
Linting 'MultiCockpitRoot+Remote.swift' (94/854)
Linting 'MultiCockpitModel+Sessions.swift' (95/854)
Linting 'MultiCockpitRoot+Toolbar.swift' (96/854)
Linting 'WhatsNewView.swift' (97/854)
Linting 'CockpitTerminalTheme.swift' (98/854)
Linting 'DroppableTerminalView+ComposedText.swift' (99/854)
Linting 'MultiCockpitModel+Binding.swift' (100/854)
Linting 'MultiCockpitModel+AutoPause.swift' (101/854)
Linting 'MultiCockpitModel+Statistics.swift' (102/854)
Linting 'CockpitWindowController.swift' (103/854)
Linting 'CockpitTab+Attention.swift' (104/854)
Linting 'CockpitSidebar.swift' (105/854)
Linting 'PortfolioGraphView.swift' (106/854)
Linting 'MultiCockpitRoot+Banners.swift' (107/854)
Linting 'ProjectInstructionReviewView.swift' (108/854)
Linting 'MultiCockpitModel+TransferRecovery.swift' (109/854)
Linting 'OSIssueBanner.swift' (110/854)
Linting 'RemoteSessionPane.swift' (111/854)
Linting 'PlanDesignView.swift' (112/854)
Linting 'CockpitTab+Resources.swift' (113/854)
Linting 'CockpitTab+State.swift' (114/854)
Linting 'WorkActivityView.swift' (115/854)
Linting 'MultiCockpitRoot+Terminal.swift' (116/854)
Linting 'PlanRecommendationView.swift' (117/854)
Linting 'HealthCheckView.swift' (118/854)
Linting 'CockpitTab+Launch.swift' (119/854)
Linting 'MultiCockpitModel+PlanFocus.swift' (121/854)
Linting 'MultiCockpitModel+Persistence.swift' (120/854)
Linting 'CockpitTab+RemoteOwnership.swift' (122/854)
Linting 'SessionWorkingDirectory.swift' (123/854)
Linting 'MissionHandoffSheet.swift' (124/854)
Linting 'PlanIntegrationView.swift' (125/854)
Linting 'MultiCockpitModel+Display.swift' (126/854)
Linting 'MultiCockpitRoot.swift' (127/854)
Linting 'PromptRefinerPane.swift' (128/854)
Linting 'CockpitData.swift' (129/854)
Linting 'CockpitAuditInspector.swift' (130/854)
Linting 'AdjudicationSheet.swift' (131/854)
Linting 'SavingsLedgerView.swift' (132/854)
Linting 'MultiCockpitModel+Activity.swift' (133/854)
Linting 'MultiCockpitRoot+ProjectAttach.swift' (134/854)
Linting 'MultiCockpitModel+Lifecycle.swift' (135/854)
Linting 'MultiCockpitModel+Projects.swift' (136/854)
Linting 'CockpitSessionProbe.swift' (137/854)
Linting 'MultiCockpitModel+Memory.swift' (138/854)
Linting 'CockpitDashboardView.swift' (139/854)
Linting 'CockpitTab+PauseGeneration.swift' (140/854)
Linting 'PlanTreeView.swift' (141/854)
Linting 'PlanProductCycleView.swift' (142/854)
Linting 'MultiCockpitRoot+Reentry.swift' (143/854)
Linting 'MultiCockpitRoot+Rail.swift' (144/854)
Linting 'MultiCockpitModel+Pacing.swift' (145/854)
Linting 'MultiTerminalStack.swift' (146/854)
Linting 'CockpitPlanView.swift' (147/854)
Linting 'MultiCockpitModel.swift' (148/854)
Linting 'WeekComparisonView.swift' (149/854)
Linting 'CockpitTab+Runtime.swift' (150/854)
Linting 'MultiCockpitRoot+NewSession.swift' (151/854)
Linting 'MultiCockpitRoot+SessionActions.swift' (152/854)
Linting 'PlanTreeView+NextStep.swift' (153/854)
Linting 'MultiCockpitRoot+Metrics.swift' (154/854)
Linting 'PlanViewContext.swift' (155/854)
Linting 'TaskSpendReadout.swift' (158/854)
Linting 'CockpitTab+AgentExit.swift' (157/854)
Linting 'DroppableTerminalView.swift' (156/854)
Linting 'CockpitOnboarding.swift' (159/854)
Linting 'CockpitDestination.swift' (161/854)
Linting 'CockpitProjectsModel.swift' (160/854)
Linting 'CockpitCommandPalette.swift' (162/854)
Linting 'CockpitTodayView.swift' (163/854)
Linting 'FlowLessonsSection.swift' (164/854)
Linting 'OnboardingChecklistCard.swift' (165/854)
Linting 'FlowWording.swift' (166/854)
Linting 'OutsideAgentsCard.swift' (167/854)
Linting 'ProjectFlowView.swift' (168/854)
Linting 'TodayFlowTiles.swift' (170/854)
Linting 'CockpitProjectPage.swift' (169/854)
Linting 'CockpitNavigationSidebar.swift' (171/854)
Linting 'ResearchVaultWorkbenchView+Chrome.swift' (172/854)
Linting 'ResearchVaultWorkbenchModel+Search.swift' (173/854)
Linting 'ResearchVaultWorkbenchView+Sidebar.swift' (174/854)
Linting 'ResearchVaultWorkbenchModel+AutoLibrary.swift' (176/854)
Linting 'ResearchVaultStandingText.swift' (175/854)
Linting 'ResearchVaultWorkbenchModel+Folders.swift' (177/854)
Linting 'ResearchVaultWorkbenchView+Evidence.swift' (178/854)
Linting 'ResearchVaultWorkbenchView+Reasoning.swift' (179/854)
Linting 'ResearchVaultWorkbenchModel+NotebookLM.swift' (180/854)
Linting 'ResearchVaultWorkbenchModel+Reasoning.swift' (181/854)
Linting 'NewProjectSpaceButton.swift' (182/854)
Linting 'ResearchVaultWorkbenchView+NotebookSync.swift' (183/854)
Linting 'ResearchVaultNotebookSync.swift' (184/854)
Linting 'ResearchVaultWorkbenchModel+Spaces.swift' (185/854)
Linting 'ResearchVaultWorkbenchProjection.swift' (186/854)
Linting 'ResearchVaultWorkbenchModel+Imports.swift' (187/854)
Linting 'ResearchVaultWorkbenchModel.swift' (188/854)
Linting 'ResearchVaultWorkbenchView+Quarantine.swift' (189/854)
Linting 'ResearchVaultWorkbenchSupport.swift' (190/854)
Linting 'ResearchVaultWorkbenchView.swift' (191/854)
Linting 'ResearchVaultWorkbenchView+Claims.swift' (192/854)
Linting 'ResearchVaultWorkbenchView+Intake.swift' (193/854)
Linting 'ResearchVaultWorkbenchView+Setup.swift' (194/854)
Linting 'LogViewerWindow.swift' (195/854)
Linting 'StatsInline.swift' (196/854)
Linting 'DatabaseQueries.swift' (197/854)
Linting 'Migrations.swift' (198/854)
Linting 'DatabaseManager.swift' (199/854)
Linting 'WindowCalculator.swift' (200/854)
Linting 'CalibrationEngine.swift' (201/854)
Linting 'TrialService.swift' (202/854)
Linting 'OAuthUsageProvider.swift' (203/854)
Linting 'PeerTerminalBridge.swift' (204/854)
Linting 'CloudKitPublisher.swift' (205/854)
Linting 'SafariBridge.swift' (206/854)
Linting 'ExactModeService.swift' (207/854)
Linting 'EmbeddedClaudeSession.swift' (208/854)
Linting 'EmbeddedClaudeSession+Navigation.swift' (209/854)
Linting 'LicenseService.swift' (210/854)
Linting 'PeerTransport.swift' (211/854)
Linting 'LicenseService+Payload.swift' (212/854)
Linting 'WorkflowPlatformModels.swift' (213/854)
Linting 'ResearchDossier.swift' (214/854)
Linting 'TaskIntegrationModels.swift' (215/854)
Linting 'WorkflowEvidenceReceipt.swift' (216/854)
Linting 'WorkflowReleaseModels.swift' (217/854)
Linting 'ProjectKnowledgeModels.swift' (218/854)
Linting 'WindowKind.swift' (219/854)
Linting 'ModelTier.swift' (220/854)
Linting 'ProjectInstructionModels.swift' (221/854)
Linting 'WorkflowWorkContract.swift' (222/854)
Linting 'PeerControlAdmission.swift' (223/854)
Linting 'WorkflowDesignContract.swift' (224/854)
Linting 'WorkflowReviewModels.swift' (225/854)
Linting 'DispatchModels.swift' (226/854)
Linting 'TaskVerificationLease.swift' (227/854)
Linting 'WorkflowSecurityFinding.swift' (228/854)
Linting 'WorkflowIPModels.swift' (229/854)
Linting 'AppSetting.swift' (230/854)
Linting 'FileState.swift' (231/854)
Linting 'WorkflowRecipeModels.swift' (232/854)
Linting 'WorkflowProductCycleContract.swift' (233/854)
Linting 'UsageSnapshotRow.swift' (234/854)
Linting 'Calibration.swift' (235/854)
Linting 'PlanModels.swift' (236/854)
Linting 'WorkflowDependencyModels.swift' (237/854)
Linting 'TaskVerificationProcess.swift' (238/854)
Linting 'BudgetAdmissionModels.swift' (239/854)
Linting 'WorkflowTechnologyReuseModels.swift' (240/854)
Linting 'UsageEvent.swift' (241/854)
Linting 'ProjectInfo.swift' (242/854)
Linting 'AppState.swift' (243/854)
Linting 'UsageSnapshot.swift' (244/854)
Linting 'PlanIntegrationModel.swift' (245/854)
Linting 'MirrorFanout.swift' (246/854)
Linting 'ProjectInstructionModel.swift' (247/854)
Linting 'CodexUsageSnapshot.swift' (248/854)
Linting 'PlanModel.swift' (249/854)
Linting 'MenuBarSignals.swift' (250/854)
Linting 'AppState+Mirror.swift' (251/854)
Linting 'ExactSnapshot.swift' (252/854)
Linting 'SessionFileParser.swift' (253/854)
Linting 'UsageExtractor.swift' (254/854)
Linting 'WarningDetector.swift' (255/854)
Linting 'WaitingIntent.swift' (256/854)
Linting 'ThrottleIntents.swift' (257/854)
Linting 'ColdStartScanner.swift' (258/854)
Linting 'DataLayerCoordinator.swift' (259/854)
Linting 'LiveFileWatcher.swift' (260/854)
Linting 'CodexUsageIngester.swift' (261/854)
Linting 'SavingsIngester.swift' (262/854)
Linting 'HourlySweeper.swift' (263/854)
Linting 'WorkflowReleaseLedgerStore.swift' (264/854)
Linting 'WorkflowReviewGate.swift' (265/854)
Linting 'PromptRefinerService.swift' (266/854)
Linting 'LiveAgentRoots.swift' (267/854)
Linting 'AssistantTools.swift' (268/854)
Linting 'TranscriptMemoryInstaller.swift' (269/854)
Linting 'ClaudeWebSessionProvider.swift' (270/854)
Linting 'RemoteSessionsService+Transfer.swift' (271/854)
Linting 'MCPResponseLedger.swift' (272/854)
Linting 'MenuBarUpdateGuard.swift' (273/854)
Linting 'PlanMCPAuthorityRevocation.swift' (274/854)
Linting 'ResearchVaultURLIntake.swift' (275/854)
Linting 'CalendarReminderService.swift' (276/854)
Linting 'PlanMCPAuthority.swift' (277/854)
Linting 'MCPConfigService.swift' (278/854)
Linting 'TokoptBenchmark.swift' (279/854)
Linting 'MCPAdvisorService.swift' (280/854)
Linting 'AppleIntelligenceProvider.swift' (281/854)
Linting 'ReadFirewallScanner.swift' (282/854)
Linting 'HealthCheckService.swift' (283/854)
Linting 'CommandRunnerService.swift' (284/854)
Linting 'CacheHygieneService.swift' (285/854)
Linting 'ContextTrimmerService.swift' (286/854)
Linting 'BrevityHookService.swift' (287/854)
Linting 'ProjectKnowledgeExplorerSearch.swift' (288/854)
Linting 'NotebookLMGatewayClient.swift' (289/854)
Linting 'StatsDataService.swift' (290/854)
Linting 'HookStatusService.swift' (292/854)
Linting 'BudgetAdmissionStore.swift' (291/854)
Linting 'TaskVerificationLaunchGate.swift' (293/854)
Linting 'SOTASelfTest.swift' (294/854)
Linting 'CockpitQueries.swift' (295/854)
Linting 'AIOptimizerService.swift' (296/854)
Linting 'ScopedCapModel.swift' (297/854)
Linting 'PlanWatcher.swift' (298/854)
Linting 'TraycerEnvInstaller.swift' (299/854)
Linting 'WebURLPolicy.swift' (300/854)
Linting 'TestOutcomeStore.swift' (301/854)
Linting 'WebRenderer.swift' (302/854)
Linting 'SettingsAuditService.swift' (303/854)
Linting 'PlanStore.swift' (304/854)
Linting 'RedTeamCampaignStorage.swift' (305/854)
Linting 'ProjectIntakeService.swift' (306/854)
Linting 'ClaudeAPIKeyProvider.swift' (307/854)
Linting 'LocalAuditEngine.swift' (308/854)
Linting 'AssistantProjectTools.swift' (309/854)
Linting 'TraycerDecoder.swift' (310/854)
Linting 'ProjectInstructionReconciler.swift' (311/854)
Linting 'TestOutcomeDetector.swift' (312/854)
Linting 'PlanMCPSchemas.swift' (313/854)
Linting 'FileEditor.swift' (314/854)
Linting 'WorkspaceOpen.swift' (315/854)
Linting 'WorkflowResultImporter.swift' (316/854)
Linting 'SystemMemoryService.swift' (317/854)
Linting 'AttemptHistory.swift' (318/854)
Linting 'LocalModelBenchService.swift' (319/854)
Linting 'AppleIntelligenceTools.swift' (320/854)
Linting 'ProductSignals.swift' (321/854)
Linting 'WhatsNewService.swift' (322/854)
Linting 'ResearchVaultServiceManager.swift' (323/854)
Linting 'StatuslineService.swift' (324/854)
Linting 'SkillScopeService.swift' (325/854)
Linting 'OutputStyleShadowingDetector.swift' (326/854)
Linting 'PlanMCPTools.swift' (327/854)
Linting 'Throttle/Services/ThresholdNotifier.swift' (328/854)
Linting 'PlanAdvisor.swift' (329/854)
Linting 'OwnedProcessTermination.swift' (330/854)
Linting 'TaskSpend.swift' (331/854)
Linting 'TaskWorktreeService.swift' (332/854)
Linting 'PlanOrientation.swift' (333/854)
Linting 'LogFoldService.swift' (334/854)
Linting 'AutopilotService.swift' (335/854)
Linting 'WorkflowReleaseLedgerStorage.swift' (336/854)
Linting 'EmbeddedModelProvider.swift' (337/854)
Linting 'TokenEstimate.swift' (338/854)
Linting 'NativeSessionBinding.swift' (339/854)
Linting 'RemoteTransferReservation.swift' (340/854)
Linting 'RemoteSessionsService+Reconciliation.swift' (341/854)
Linting 'RemoteSessionsService+Return.swift' (342/854)
Linting 'ProjectKnowledgeMCP.swift' (343/854)
Linting 'TaskIntegrationService.swift' (344/854)
Linting 'RemoteTransferReturn.swift' (345/854)
Linting 'HumanDecisionRecorder.swift' (346/854)
Linting 'AutoRelaunchPolicy.swift' (347/854)
Linting 'ClaudeSetupService.swift' (348/854)
Linting 'TaskIntegrationVerifyProcess.swift' (349/854)
Linting 'ProjectKnowledgeExplorerReceipt.swift' (350/854)
Linting 'MCPSchemaCache.swift' (351/854)
Linting 'DispatchBudget.swift' (352/854)
Linting 'CSVExporter.swift' (353/854)
Linting 'DeadSkillService.swift' (354/854)
Linting 'WorkflowClaimContract.swift' (355/854)
Linting 'NotebookLMImportJob.swift' (356/854)
Linting 'ResearchVaultSynthesisProvider.swift' (357/854)
Linting 'WebRenderClient.swift' (358/854)
Linting 'ReviewedPasteService.swift' (359/854)
Linting 'PlanMCPRecipeTools.swift' (360/854)
Linting 'ModelPricing.swift' (361/854)
Linting 'RepoIndexer.swift' (362/854)
Linting 'TaskIntegrationServiceReview.swift' (363/854)
Linting 'RouterAdvisorService.swift' (364/854)
Linting 'CodexUsageService.swift' (365/854)
Linting 'MCPProxyChild.swift' (366/854)
Linting 'ThrottleCommandChannel.swift' (367/854)
Linting 'PlanMCPTaskRouter.swift' (368/854)
Linting 'PlanMCPRetry.swift' (369/854)
Linting 'BudgetAdmissionStorage.swift' (370/854)
Linting 'ContentStore.swift' (371/854)
Linting 'TaskIntegrationServiceVerify.swift' (372/854)
Linting 'CaffeineService.swift' (373/854)
Linting 'DeltaMemStore.swift' (374/854)
Linting 'PlanProjection.swift' (375/854)
Linting 'ClaudeAPIKeyProtocol.swift' (376/854)
Linting 'MemoryCleanupService.swift' (377/854)
Linting 'PlanMCPIntakeTools.swift' (378/854)
Linting 'MemoryPressureMonitor.swift' (379/854)
Linting 'ProjectInstructionDiscovery.swift' (380/854)
Linting 'CcusageImporter.swift' (381/854)
Linting 'TraycerQueries.swift' (382/854)
Linting 'PortfolioMapService.swift' (383/854)
Linting 'ClaudeWebSessionProvider+Scripts.swift' (384/854)
Linting 'CrashReporter.swift' (385/854)
Linting 'ReadFirewallService.swift' (386/854)
Linting 'RemoteSessionsService.swift' (387/854)
Linting 'ProjectKnowledgeExplorer.swift' (388/854)
Linting 'CacheBustAnalyzer.swift' (389/854)
Linting 'ProjectsService.swift' (390/854)
Linting 'MCPOffloadService.swift' (391/854)
Linting 'WebResearchCache.swift' (392/854)
Linting 'RemoteTransferGit.swift' (394/854)
Linting 'CockpitNotifier.swift' (393/854)
Linting 'TaskIntegrationVerifyChild.swift' (395/854)
Linting 'PlanMCPAuthorityLifecycle.swift' (396/854)
Linting 'RemoteSessionsService+FreshStart.swift' (397/854)
Linting 'TaskLauncher.swift' (398/854)
Linting 'EdgeDeployService.swift' (399/854)
Linting 'RemoteTransferFiles.swift' (400/854)
Linting 'OutputStyleService.swift' (401/854)
Linting 'AssistantPatchParser.swift' (402/854)
Linting 'ResearchDossierStore.swift' (403/854)
Linting 'MCPHealthService.swift' (404/854)
Linting 'MissionRuntimeService.swift' (406/854)
Linting 'DispatchAdvisor.swift' (405/854)
Linting 'ThrottleMCPServer.swift' (407/854)
Linting 'TranscriptIndex.swift' (408/854)
Linting 'ThrottleMCPHealthStore.swift' (409/854)
Linting 'RetentionService.swift' (410/854)
Linting 'UpdaterService.swift' (411/854)
Linting 'ProjectKnowledgeExplorerIO.swift' (412/854)
Linting 'ClaudeWebSessionProvider+Streaming.swift' (413/854)
Linting 'ShadowReplayService.swift' (414/854)
Linting 'AgentRole.swift' (415/854)
Linting 'DiagnosticArchive.swift' (417/854)
Linting 'PlanMCPReviewTools.swift' (416/854)
Linting 'TokoptHookInstaller.swift' (418/854)
Linting 'WebNavigationPlanner.swift' (419/854)
Linting 'ClaudeAgentInventory.swift' (420/854)
Linting 'DiagnosticsExporter.swift' (421/854)
Linting 'OutputStyleManager.swift' (422/854)
Linting 'DiagnosticReport.swift' (423/854)
Linting 'NotebookLMGatewayProcess.swift' (424/854)
Linting 'RedTeamCampaignStore.swift' (425/854)
Linting 'TaskLauncherAuthority.swift' (426/854)
Linting 'GlobalRAGOnboardingService.swift' (427/854)
Linting 'ProjectOverviewProjection.swift' (428/854)
Linting 'ClaudeCodePathProvider.swift' (429/854)
Linting 'NativeProcessIdentity.swift' (430/854)
Linting 'VectorStore.swift' (431/854)
Linting 'ClaudeWebSessionProvider+LegacyScripts.swift' (432/854)
Linting 'BashSandbox.swift' (433/854)
Linting 'CacheBreakEven.swift' (434/854)
Linting 'CapabilityHostService.swift' (435/854)
Linting 'LoginItemService.swift' (436/854)
Linting 'TaskBudgetAdmission.swift' (437/854)
Linting 'ContextFirewall.swift' (438/854)
Linting 'MilestoneTracker.swift' (439/854)
Linting 'MCPProbeService.swift' (440/854)
Linting 'VerifyConsent.swift' (441/854)
Linting 'PromptRefinerModel.swift' (442/854)
Linting 'OKFStore.swift' (443/854)
Linting 'ResearchVaultInboxBookmarkStore.swift' (444/854)
Linting 'PromptCacheImpactService.swift' (445/854)
Linting 'SemanticAutoIndexer.swift' (446/854)
Linting 'SessionReentryDigest.swift' (447/854)
Linting 'AppLogger.swift' (448/854)
Linting 'HostMetricsService.swift' (449/854)
Linting 'ProjectInstructionService.swift' (450/854)
Linting 'PlanFlow.swift' (451/854)
Linting 'SemanticCorpusStore.swift' (453/854)
Linting 'SemanticIndex.swift' (452/854)
Linting 'ConfigDedupService.swift' (454/854)
Linting 'PlanTemplate.swift' (455/854)
Linting 'WebRenderBridge.swift' (456/854)
Linting 'TraycerReceiver.swift' (457/854)
Linting 'TokoptHook.swift' (458/854)
Linting 'LocalWorkerRouter.swift' (459/854)
Linting 'ContextBloatService.swift' (460/854)
Linting 'XcodeBuildErrorsService.swift' (461/854)
Linting 'GlobalRAGService.swift' (462/854)
Linting 'LocalDelegationService.swift' (463/854)
Linting 'LocalCandidateService.swift' (464/854)
Linting 'MCPWrapper.swift' (465/854)
Linting 'CodexProgressService.swift' (466/854)
Linting 'DevUnlockService.swift' (467/854)
Linting 'RemoteTransferJournal.swift' (468/854)
Linting 'TOONTranspiler.swift' (469/854)
Linting 'ShadowReplayService+Certification.swift' (470/854)
Linting 'SessionProjectResolver.swift' (471/854)
Linting 'MultiVendorService.swift' (472/854)
Linting 'EmbeddingProvider.swift' (473/854)
Linting 'GlobalRAGSessionContextInstaller.swift' (474/854)
Linting 'TeamPolicyService.swift' (475/854)
Linting 'ResearchVaultFolderSourceStore.swift' (476/854)
Linting 'TaskVerificationLifecycle.swift' (477/854)
Linting 'ReadFirewallInstaller.swift' (478/854)
Linting 'AIProviderRegistry.swift' (479/854)
Linting 'SkillUsageService.swift' (480/854)
Linting 'MCPProxyServer.swift' (481/854)
Linting 'LoopDetectorService.swift' (482/854)
Linting 'RemoteTransferTranscript.swift' (483/854)
Linting 'ImageTextExtractor.swift' (484/854)
Linting 'AIProvider.swift' (485/854)
Linting 'UsagePressure.swift' (486/854)
Linting 'PlanMCPTransport.swift' (487/854)
Linting 'ThrottleVisionApp.swift' (488/854)
Linting 'Main.swift' (489/854)
Linting 'TraycerStore.swift' (490/854)
Linting 'VisionCockpitView.swift' (491/854)
Linting 'PeerTests.swift' (492/854)
Linting 'VisionAppDelegate.swift' (493/854)
Linting 'EdgeTransferServiceTests.swift' (494/854)
Linting 'MirrorOutboundPolicyTests.swift' (495/854)
Linting 'MirrorEnvelopeCompatibilityTests.swift' (496/854)
Linting 'EdgeTransferDownloadTests.swift' (497/854)
Linting 'MouseReportFilterTests.swift' (498/854)
Linting 'EdgeRuntimeDeploymentTests.swift' (499/854)
Linting 'GoliathControlPlaneTests.swift' (500/854)
Linting 'EdgeFreshSessionStarterTests.swift' (501/854)
Linting 'KeychainStoreTests.swift' (502/854)
Linting 'CloudKitRecordMappingTests.swift' (503/854)
Linting 'PeerPairing.swift' (504/854)
Linting 'ThrottleShared/Package.swift' (505/854)
Linting 'ThrottleShared/Sources/ThrottleCFOIngest/main.swift' (506/854)
Linting 'PeerAdvertiser.swift' (507/854)
Linting 'PeerTLS.swift' (508/854)
Linting 'PeerConnector.swift' (509/854)
Linting 'CatchupBuffer.swift' (510/854)
Linting 'PredictiveEcho.swift' (511/854)
Linting 'PeerTerminal.swift' (512/854)
Linting 'MirrorTransport.swift' (513/854)
Linting 'EdgeAgentService+NodeRuntime.swift' (514/854)
Linting 'EdgeAgentService+ClaudeRuntime.swift' (515/854)
Linting 'GoliathControlPlane.swift' (516/854)
Linting 'ThrottleActivityAttributes.swift' (517/854)
Linting 'EdgeTransferReturn.swift' (518/854)
Linting 'MirrorOutboundProjection.swift' (519/854)
Linting 'KeychainStore.swift' (520/854)
Linting 'EdgeAgentService+LegacyTransfer.swift' (521/854)
Linting 'ThrottleMirrorSnapshot.swift' (522/854)
Linting 'EdgeFreshStartJournal.swift' (523/854)
Linting 'MirrorWidgetPublication.swift' (524/854)
Linting 'EdgeAgentService+Verification.swift' (525/854)
Linting 'ThrottleShared/Sources/ThrottlePeer/PeerMessage.swift' (526/854)
Linting 'MouseReportFilter.swift' (527/854)
Linting 'EdgeAgentService+Installation.swift' (528/854)
Linting 'MirrorProvisioning.swift' (529/854)
Linting 'EdgeAgentService+Deployment.swift' (530/854)
Linting 'TtydClient.swift' (531/854)
Linting 'CloudKitRecordMapping.swift' (532/854)
Linting 'CloudKitSchema.swift' (533/854)
Linting 'OutboundPolicy.swift' (534/854)
Linting 'EdgeFreshSessionStarter.swift' (535/854)
Linting 'EdgeAgentService.swift' (536/854)
Linting 'EdgeAgentService+API.swift' (537/854)
Linting 'localization-probe.swift' (538/854)
Linting 'EdgeTransferService.swift' (539/854)
Linting 'verification-crash-worker.swift' (540/854)
Linting 'PeerMessageConformanceTests.swift' (541/854)
Linting 'PeerMessageVectorTests.swift' (542/854)
Linting 'Packages/ThrottlePeerProtocol/Sources/ThrottlePeerProtocol/PeerMessage.swift' (543/854)
Linting 'Packages/ThrottlePeerProtocol/Package.swift' (544/854)
Linting 'Packages/ThrottleMirrorContract/Package.swift' (545/854)
Linting 'MirrorReadContractTests.swift' (546/854)
Linting 'MirrorReadSnapshot.swift' (547/854)
Linting 'MirrorTypes.swift' (548/854)
Linting 'ResearchVaultSynthesisTests.swift' (549/854)
Linting 'Packages/ResearchVaultKit/Package.swift' (550/854)
Linting 'ReceiptContextTests.swift' (551/854)
Linting 'OwnerProjectAdmissionTests.swift' (552/854)
Linting 'ResearchReceiptProjectionTests.swift' (553/854)
Linting 'ResearchVaultGatewayTests.swift' (554/854)
Linting 'ResearchClaimsBoardTests.swift' (555/854)
Linting 'ResearchVaultReasoningTests.swift' (556/854)
Linting 'SQLCipherReasoningStoreTests.swift' (557/854)
Linting 'ResearchVaultReasoningGoldenTests.swift' (558/854)
Linting 'SQLCipherReceiptStoreTests.swift' (559/854)
Linting 'SQLCipherHistoricalBackupTests.swift' (560/854)
Linting 'SQLCipherReviewStateTests.swift' (561/854)
Linting 'SQLCipherRuntimeTests.swift' (562/854)
Linting 'EncryptedObjectStoreTests.swift' (563/854)
Linting 'ReceiptStoreTests.swift' (564/854)
Linting 'VaultKeyDerivationTests.swift' (565/854)
Linting 'OwnerBatchSecurityTests.swift' (566/854)
Linting 'ResearchReceiptTests.swift' (567/854)
Linting 'ResearchVaultCorpusManifestTests.swift' (568/854)
Linting 'ResearchEmbeddingTests.swift' (569/854)
Linting 'RetrievalQualityGateTests.swift' (570/854)
Linting 'ResearchReceiptInboxTests.swift' (571/854)
Linting 'ManualResearchFileImporterTests.swift' (572/854)
Linting 'NotebookLMMigrationImporterTests.swift' (573/854)
Linting 'RetrievalBenchmarkTests.swift' (575/854)
Linting 'ResearchVaultGoldenSetTests.swift' (574/854)
Linting 'ResearchVaultMarkdownExporterTests.swift' (576/854)
Linting 'ResearchDocumentTextExtractorTests.swift' (577/854)
Linting 'DeepSearshCatalogImporterTests.swift' (578/854)
Linting 'ResearchDocumentChunkerTests.swift' (579/854)
Linting 'SynthesisGroundingTests.swift' (580/854)
Linting 'ResearchVaultMCPProtocolHandlerTests.swift' (581/854)
Linting 'ResearchVaultXPCTests.swift' (582/854)
Linting 'ResearchVaultQueryEnvelopeTests.swift' (583/854)
Linting 'Packages/ResearchVaultKit/Tests/ResearchVaultIPCModelTests/ResearchVaultIPCModelTests.swift' (584/854)
Linting 'VaultMasterKeyStoreTests.swift' (585/854)
Linting 'Packages/ResearchVaultKit/Sources/research-vault-reasoning-differential/main.swift' (586/854)
Linting 'ResearchVaultXPCServiceMain.swift' (587/854)
Linting 'ResearchVaultGateway+Documents.swift' (588/854)
Linting 'ResearchVaultContextAssembler.swift' (589/854)
Linting 'ResearchVaultGateway.swift' (590/854)
Linting 'ResearchVaultAgentHookMain.swift' (591/854)
Linting 'ResearchVaultMarkdownExporter.swift' (592/854)
Linting 'ResearchDocumentChunker.swift' (593/854)
Linting 'ManualResearchFileImporter.swift' (594/854)
Linting 'NotebookLMMigrationModel.swift' (595/854)
Linting 'ResearchVaultGoldenSet.swift' (596/854)
Linting 'DeepSearshCatalogImporter.swift' (597/854)
Linting 'ResearchEmbedding.swift' (598/854)
Linting 'ResearchReceiptInbox.swift' (599/854)
Linting 'ResearchDocumentOCR.swift' (600/854)
Linting 'NotebookLMMigrationImporter.swift' (601/854)
Linting 'RetrievalQualityGate.swift' (602/854)
Linting 'ResearchDocumentTextExtractor.swift' (603/854)
Linting 'RetrievalBenchmark.swift' (604/854)
Linting 'Packages/ResearchVaultKit/Sources/research-vault-crash-probe/main.swift' (605/854)
Linting 'ResearchVaultMCPProtocolHandler.swift' (606/854)
Linting 'ResearchVaultMCPWireTypes.swift' (607/854)
Linting 'ResearchVaultAgentHook.swift' (608/854)
Linting 'VaultMasterKeyStore.swift' (609/854)
Linting 'ResearchVaultXPCClient.swift' (610/854)
Linting 'ResearchVaultSynthesis.swift' (611/854)
Linting 'ResearchLogic.swift' (612/854)
Linting 'ResearchClaimsBoard.swift' (613/854)
Linting 'ResearchReceiptProjection.swift' (614/854)
Linting 'BenchmarkSupport.swift' (615/854)
Linting 'BenchmarkOptions.swift' (616/854)
Linting 'BenchmarkMain.swift' (617/854)
Linting 'Packages/ResearchVaultKit/Sources/research-vault-synthesis-security-probe/main.swift' (618/854)
Linting 'ResearchVaultServiceRuntime.swift' (619/854)
Linting 'ResearchVaultModel.swift' (620/854)
Linting 'VaultAuthorization.swift' (621/854)
Linting 'ResearchVaultMCPMain.swift' (622/854)
Linting 'Packages/ResearchVaultKit/Sources/ResearchVaultIPCModel/ResearchVaultIPCModel.swift' (623/854)
Linting 'SQLCipherSchema.swift' (624/854)
Linting 'SQLCipherReceiptRetrieval.swift' (625/854)
Linting 'SQLCipherSchema+OwnerProjects.swift' (626/854)
Linting 'SQLCipherOwnerProjects.swift' (628/854)
Linting 'SQLCipherSchema+Documents.swift' (627/854)
Linting 'SQLCipherSchema+Reasoning.swift' (629/854)
Linting 'SQLCipherReceiptStore+Import.swift' (630/854)
Linting 'SQLCipherConnection.swift' (631/854)
Linting 'SQLCipherSchema+Spaces.swift' (634/854)
Linting 'SQLCipherReceiptStore.swift' (632/854)
Linting 'SQLCipherSchema+Receipts.swift' (633/854)
Linting 'SQLCipherReceiptStore+Maintenance.swift' (635/854)
Linting 'SQLCipherReceiptStore+Receipts.swift' (636/854)
Linting 'SQLCipherReceiptStore+Documents.swift' (637/854)
Linting 'SQLCipherRuntime.swift' (638/854)
Linting 'SQLCipherReceiptStore+Query.swift' (639/854)
Linting 'SQLCipherReasoningStore.swift' (640/854)
Linting 'EncryptedObjectStore.swift' (641/854)
Linting 'ClaimSearchStore.swift' (642/854)
Linting 'VaultKeyDerivation.swift' (643/854)
Linting 'ReceiptStore.swift' (644/854)
Linting 'ResearchVaultListenerDelegates.swift' (645/854)
Linting 'ResearchVaultOwnerService.swift' (646/854)
Linting 'ResearchVaultXPC.swift' (647/854)
Linting 'Packages/ResearchVaultKit/Sources/research-vault-catalog-probe/main.swift' (648/854)
Linting 'Packages/ResearchVaultKit/Sources/research-vault-reasoning-benchmark/main.swift' (649/854)
Linting 'XPCInterfaceCapture.swift' (650/854)
Linting 'VaultClientTests.swift' (651/854)
Linting 'Packages/ThrottleVaultClient/Package.swift' (652/854)
Linting 'ResearchVaultReceiptBatchReaderTests.swift' (653/854)
Linting 'ResearchVaultReceiptBatchReader.swift' (654/854)
Linting 'ResearchVaultXPCInterface.swift' (655/854)
Linting 'ThrottleVaultClient.swift' (656/854)
Linting 'ResearchVaultClient.swift' (657/854)
Linting 'VaultWireFixture.swift' (658/854)
Linting 'Packages/ThrottleVaultContract/Package.swift' (659/854)
Linting 'VaultContractCompatibilityTests.swift' (660/854)
Linting 'Packages/ThrottleVaultContract/Tests/ThrottleVaultContractTests/ResearchVaultIPCModelTests.swift' (661/854)
Linting 'ReceiptVectorTests.swift' (662/854)
Linting 'ResearchVaultContextEncoding.swift' (663/854)
Linting 'ResearchVaultServiceIdentity.swift' (664/854)
Linting 'ResearchVaultReasoningDTO.swift' (665/854)
Linting 'ResearchVaultReceiptDTO.swift' (666/854)
Linting 'ResearchVaultProjectAdmission.swift' (667/854)
Linting 'Packages/ThrottleVaultContract/Sources/ThrottleVaultContract/ResearchVaultIPCModel.swift' (668/854)
Linting 'ResearchVaultReceiptProvenance.swift' (669/854)
Linting 'SchemaCompatibilityTests.swift' (670/854)
Linting 'ResearchReceipt.swift' (671/854)
Linting 'ProjectExploreSchema.swift' (672/854)
Linting 'ThrottleiOSWidget.swift' (673/854)
Linting 'ResearchVaultNotebookSyncTests.swift' (674/854)
Linting 'ThrottleMCPSchemas.swift' (675/854)
Linting 'Packages/ThrottleMCPContracts/Package.swift' (676/854)
Linting 'ResearchVaultWorkbenchProjectionTests.swift' (677/854)
Linting 'ResearchVaultSpaceStoreTests.swift' (678/854)
Linting 'ResearchVaultFolderSourceStoreTests.swift' (679/854)
Linting 'GlobalRAGOnboardingWindowControllerTests.swift' (680/854)
Linting 'MigrationsTests.swift' (681/854)
Linting 'WarningDetectorTests.swift' (682/854)
Linting 'SessionFileParserTests.swift' (683/854)
Linting 'UsageExtractorTests.swift' (684/854)
Linting 'SessionStateDotTests.swift' (685/854)
Linting 'DatabaseQueriesTests.swift' (686/854)
Linting 'MenuBarCountdownTests.swift' (687/854)
Linting 'ActivityFilterTests.swift' (688/854)
Linting 'ExactSnapshotTests.swift' (689/854)
Linting 'PauseReasonTests.swift' (690/854)
Linting 'WindowCalculatorTests.swift' (691/854)
Linting 'ColdStartScannerTests.swift' (693/854)
Linting 'CalibrationEngineTests.swift' (692/854)
Linting 'OptimizerHonestyTests.swift' (694/854)
Linting 'OllamaEmbeddingProviderTests.swift' (695/854)
Linting 'MouseReportFilterWheelTests.swift' (696/854)
Linting 'TokoptHookTests.swift' (697/854)
Linting 'HostedViewReview.swift' (698/854)
Linting 'HumanDecisionRecorderTests.swift' (699/854)
Linting 'SessionResourceEnvelopeTests.swift' (700/854)
Linting 'TraycerDecoderTests.swift' (701/854)
Linting 'TaskBudgetAdmissionTests.swift' (702/854)
Linting 'RemoteTransferGitTests.swift' (703/854)
Linting 'PlanStoreCrashTests.swift' (704/854)
Linting 'LocalDelegationServiceTests.swift' (705/854)
Linting 'CockpitPermissionTests.swift' (706/854)
Linting 'TaskVerificationLifecycleTests.swift' (707/854)
Linting 'CodexProgressServiceTests.swift' (708/854)
Linting 'PlanMCPMissionFenceTests.swift' (709/854)
Linting 'MissionRuntimeServiceTests.swift' (710/854)
Linting 'ProjectKnowledgeBoundaryTests.swift' (711/854)
Linting 'NativeSessionBindingTests.swift' (712/854)
Linting 'CockpitUsageGenerationTests.swift' (713/854)
Linting 'ReadFirewallScannerTests.swift' (714/854)
Linting 'GlobalRAGServiceTests.swift' (715/854)
Linting 'WorkflowReleaseGateTests.swift' (716/854)
Linting 'AIProviderRoutingPolicyTests.swift' (717/854)
Linting 'ContentStoreTests.swift' (718/854)
Linting 'ProductSignalsTests.swift' (719/854)
Linting 'HealthCheckServiceTests.swift' (720/854)
Linting 'WorkflowReviewGateTests.swift' (721/854)
Linting 'WorkflowDesignContractTests.swift' (722/854)
Linting 'WorkflowResultImporterTests.swift' (723/854)
Linting 'SessionReentryDigestTests.swift' (724/854)
Linting 'WorkflowDependencyEvaluatorTests.swift' (725/854)
Linting 'PlanIntegrationFlowTests.swift' (726/854)
Linting 'PlanMCPTaskRouterTests.swift' (727/854)
Linting 'PlanMCPSchemaContractTests.swift' (728/854)
Linting 'WorkflowTechnologyReuseTests.swift' (729/854)
Linting 'TaskIntegrationServiceTests+Integration.swift' (730/854)
Linting 'PromptRefinerServiceTests.swift' (731/854)
Linting 'PlanMCPIntakeAuthorityTests.swift' (732/854)
Linting 'AssistantProjectToolsTests.swift' (733/854)
Linting 'PlanMCPAuthorityLifecycleTests.swift' (734/854)
Linting 'RemoteSessionsCredentialTests.swift' (735/854)
Linting 'TaskLauncherBudgetTests.swift' (736/854)
Linting 'CSVExporterTests.swift' (737/854)
Linting 'PlanIntegrationViewTests.swift' (738/854)
Linting 'EdgeDeployServiceTests.swift' (740/854)
Linting 'WorkflowReviewMCPTests.swift' (739/854)
Linting 'CacheBustAnalyzerTests.swift' (741/854)
Linting 'ThrottleWaitingSnapshotTests.swift' (742/854)
Linting 'PlanStoreTests.swift' (743/854)
Linting 'ProjectKnowledgeRaceTests.swift' (744/854)
Linting 'SemanticIndexTests.swift' (745/854)
Linting 'OKFStoreTests.swift' (746/854)
Linting 'TokenEstimateTests.swift' (747/854)
Linting 'NotebookLMImportJobTests.swift' (748/854)
Linting 'PlanProjectionTests.swift' (749/854)
Linting 'DiagnosticReportTests.swift' (750/854)
Linting 'ExactModePollPolicyTests.swift' (751/854)
Linting 'ResearchVaultURLIntakeTests.swift' (752/854)
Linting 'ProjectIntakeTests.swift' (753/854)
Linting 'PlanOrientationTests.swift' (754/854)
Linting 'WorkflowReleaseLedgerStoreTests.swift' (755/854)
Linting 'CloudKitPublisherTests.swift' (756/854)
Linting 'TaskBudgetLifecycleTests.swift' (757/854)
Linting 'PlanIntegrationCardTests.swift' (758/854)
Linting 'ReviewedPasteServiceTests.swift' (759/854)
Linting 'CockpitCountdownTests.swift' (760/854)
Linting 'CacheBreakEvenTests.swift' (761/854)
Linting 'WorkflowEvidenceReceiptTests.swift' (762/854)
Linting 'PlanProjectionIntegrationEventsTests.swift' (763/854)
Linting 'TokoptBenchmarkTests.swift' (764/854)
Linting 'TaskWorktreeServiceTests.swift' (765/854)
Linting 'AppTestHostIsolationTests.swift' (766/854)
Linting 'TaskVerificationCrashTests.swift' (767/854)
Linting 'RepoIndexerTests.swift' (768/854)
Linting 'TranscriptMemoryInstallerTests.swift' (769/854)
Linting 'RemoteTransferJournalTests.swift' (770/854)
Linting 'DiagnosticArchiveTests.swift' (771/854)
Linting 'VectorStoreTests.swift' (772/854)
Linting 'ProjectOverviewProjectionTests.swift' (773/854)
Linting 'PlanMCPToolsTests.swift' (774/854)
Linting 'NotebookLMGatewayProcessTests.swift' (775/854)
Linting 'ProjectKnowledgeExplorerTests.swift' (776/854)
Linting 'ContextFirewallTests.swift' (777/854)
Linting 'TestOutcomeDetectorTests.swift' (778/854)
Linting 'WorkflowContractIntegrationTests.swift' (779/854)
Linting 'SemanticAutoIndexerTests.swift' (780/854)
Linting 'CockpitLifecycleTests.swift' (781/854)
Linting 'WorkflowIPEvaluatorTests.swift' (782/854)
Linting 'LocalWorkerModelSelectionTests.swift' (783/854)
Linting 'EmbeddedModelRuntimeTests.swift' (784/854)
Linting 'PeerTerminalBoundaryTests.swift' (785/854)
Linting 'TaskLauncherTests.swift' (786/854)
Linting 'VerifyConsentTests.swift' (787/854)
Linting 'AutoRelaunchPolicyTests.swift' (788/854)
Linting 'PromptRefinerModelTests.swift' (789/854)
Linting 'DisplayedNumbersTests.swift' (790/854)
Linting 'WorkflowParityAuditorTests.swift' (791/854)
Linting 'BashSandboxTests.swift' (792/854)
Linting 'PromptCacheImpactServiceTests.swift' (793/854)
Linting 'CockpitSpendViewTests.swift' (794/854)
Linting 'RouterAdvisorCacheTests.swift' (795/854)
Linting 'DispatchAdvisorTests.swift' (796/854)
Linting 'ClaudeAPIKeyProtocolTests.swift' (797/854)
Linting 'SessionProjectResolverTests.swift' (798/854)
Linting 'BudgetAdmissionStoreTests.swift' (799/854)
Linting 'TaskVerificationProcessTests.swift' (800/854)
Linting 'PlanMCPRetryTests.swift' (801/854)
Linting 'OwnedProcessTerminationTests.swift' (802/854)
Linting 'TaskSpendTests.swift' (803/854)
Linting 'OutboundPolicyTests.swift' (804/854)
Linting 'TaskIntegrationRefusalTests.swift' (805/854)
Linting 'DeadSkillServiceTests.swift' (807/854)
Linting 'ProjectInstructionServiceTests.swift' (806/854)
Linting 'TaskIntegrationWorkContractTests.swift' (808/854)
Linting 'TraycerStoreTests.swift' (809/854)
Linting 'ClaudeAgentInventoryTests.swift' (810/854)
Linting 'WorkflowRecipeTests.swift' (811/854)
Linting 'TaskIntegrationHardeningTests.swift' (812/854)
Linting 'PlanMCPAuthorityTests.swift' (813/854)
Linting 'TestOutcomeStoreTests.swift' (814/854)
Linting 'AttemptHistoryTests.swift' (815/854)
Linting 'CodexUsageServiceTests.swift' (816/854)
Linting 'ProjectAssistantViewTests.swift' (817/854)
Linting 'RedTeamCampaignStoreTests.swift' (818/854)
Linting 'PeerControlAdmissionTests.swift' (819/854)
Linting 'TaskIntegrationOutputTests.swift' (820/854)
Linting 'CockpitOnboardingTests.swift' (821/854)
Linting 'DeltaMemStoreTests.swift' (822/854)
Linting 'WorkflowWorkContractTests.swift' (823/854)
Linting 'RemoteTransferReturnTests.swift' (824/854)
Linting 'TaskIntegrationServiceTests.swift' (826/854)
Linting 'WorkflowFoundationTests.swift' (825/854)
Linting 'ShadowReplayLedgerTests.swift' (827/854)
Linting 'PlanFlowTests.swift' (828/854)
Linting 'ContextPacketEvidenceTests.swift' (829/854)
Linting 'StringCatalogFrenchTests.swift' (830/854)
Linting 'ThrottleiOSApp.swift' (831/854)
Linting 'ThrottleiOS/AppDelegate.swift' (832/854)
Linting 'LiveUsageView.swift' (833/854)
Linting 'SettingsView.swift' (834/854)
Linting 'TerminalHost.swift' (835/854)
Linting 'MirrorUI.swift' (837/854)
Linting 'RemoteTerminalView.swift' (836/854)
Linting 'TerminalAccessory.swift' (838/854)
Linting 'EdgeTerminalView.swift' (839/854)
Linting 'EdgeSessionListView.swift' (840/854)
Linting 'HistoryChartsView.swift' (841/854)
Linting 'OnboardingView.swift' (842/854)
Linting 'RootTabView.swift' (843/854)
Linting 'SessionListView.swift' (844/854)
Linting 'MeterView.swift' (845/854)
Linting 'CompanionRuntime.swift' (846/854)
Linting 'MirrorCloudBackend.swift' (847/854)
Linting 'EdgeSessionsService.swift' (848/854)
Linting 'CloudKitSubscriber.swift' (849/854)
Linting 'ThrottleiOS/Services/ThresholdNotifier.swift' (850/854)
Linting 'PeerClient.swift' (851/854)
Linting 'MirrorStore.swift' (852/854)
Linting 'TerminalLockState.swift' (853/854)
Linting 'ThrottleLiveActivity.swift' (854/854)
Done linting! Found 0 violations, 0 serious in 854 files.
